Archive member included to satisfy reference by file (symbol)

C:/ST/STM32CubeIDE_1.16.1/STM32CubeIDE/plugins/com.st.stm32cube.ide.mcu.externaltools.gnu-tools-for-stm32.12.3.rel1.win32_1.0.200.202406191623/tools/bin/../lib/gcc/arm-none-eabi/12.3.1/../../../../arm-none-eabi/lib/thumb/v7e-m+fp/hard\libc_nano.a(libc_a-exit.o)
                              C:/ST/STM32CubeIDE_1.16.1/STM32CubeIDE/plugins/com.st.stm32cube.ide.mcu.externaltools.gnu-tools-for-stm32.12.3.rel1.win32_1.0.200.202406191623/tools/bin/../lib/gcc/arm-none-eabi/12.3.1/../../../../arm-none-eabi/lib/thumb/v7e-m+fp/hard/crt0.o (exit)
C:/ST/STM32CubeIDE_1.16.1/STM32CubeIDE/plugins/com.st.stm32cube.ide.mcu.externaltools.gnu-tools-for-stm32.12.3.rel1.win32_1.0.200.202406191623/tools/bin/../lib/gcc/arm-none-eabi/12.3.1/../../../../arm-none-eabi/lib/thumb/v7e-m+fp/hard\libc_nano.a(libc_a-findfp.o)
                              C:/ST/STM32CubeIDE_1.16.1/STM32CubeIDE/plugins/com.st.stm32cube.ide.mcu.externaltools.gnu-tools-for-stm32.12.3.rel1.win32_1.0.200.202406191623/tools/bin/../lib/gcc/arm-none-eabi/12.3.1/../../../../arm-none-eabi/lib/thumb/v7e-m+fp/hard\libc_nano.a(libc_a-exit.o) (__stdio_exit_handler)
C:/ST/STM32CubeIDE_1.16.1/STM32CubeIDE/plugins/com.st.stm32cube.ide.mcu.externaltools.gnu-tools-for-stm32.12.3.rel1.win32_1.0.200.202406191623/tools/bin/../lib/gcc/arm-none-eabi/12.3.1/../../../../arm-none-eabi/lib/thumb/v7e-m+fp/hard\libc_nano.a(libc_a-fwalk.o)
                              C:/ST/STM32CubeIDE_1.16.1/STM32CubeIDE/plugins/com.st.stm32cube.ide.mcu.externaltools.gnu-tools-for-stm32.12.3.rel1.win32_1.0.200.202406191623/tools/bin/../lib/gcc/arm-none-eabi/12.3.1/../../../../arm-none-eabi/lib/thumb/v7e-m+fp/hard\libc_nano.a(libc_a-findfp.o) (_fwalk_sglue)
C:/ST/STM32CubeIDE_1.16.1/STM32CubeIDE/plugins/com.st.stm32cube.ide.mcu.externaltools.gnu-tools-for-stm32.12.3.rel1.win32_1.0.200.202406191623/tools/bin/../lib/gcc/arm-none-eabi/12.3.1/../../../../arm-none-eabi/lib/thumb/v7e-m+fp/hard\libc_nano.a(libc_a-stdio.o)
                              C:/ST/STM32CubeIDE_1.16.1/STM32CubeIDE/plugins/com.st.stm32cube.ide.mcu.externaltools.gnu-tools-for-stm32.12.3.rel1.win32_1.0.200.202406191623/tools/bin/../lib/gcc/arm-none-eabi/12.3.1/../../../../arm-none-eabi/lib/thumb/v7e-m+fp/hard\libc_nano.a(libc_a-findfp.o) (__sread)
C:/ST/STM32CubeIDE_1.16.1/STM32CubeIDE/plugins/com.st.stm32cube.ide.mcu.externaltools.gnu-tools-for-stm32.12.3.rel1.win32_1.0.200.202406191623/tools/bin/../lib/gcc/arm-none-eabi/12.3.1/../../../../arm-none-eabi/lib/thumb/v7e-m+fp/hard\libc_nano.a(libc_a-memset.o)
                              C:/ST/STM32CubeIDE_1.16.1/STM32CubeIDE/plugins/com.st.stm32cube.ide.mcu.externaltools.gnu-tools-for-stm32.12.3.rel1.win32_1.0.200.202406191623/tools/bin/../lib/gcc/arm-none-eabi/12.3.1/../../../../arm-none-eabi/lib/thumb/v7e-m+fp/hard/crt0.o (memset)
C:/ST/STM32CubeIDE_1.16.1/STM32CubeIDE/plugins/com.st.stm32cube.ide.mcu.externaltools.gnu-tools-for-stm32.12.3.rel1.win32_1.0.200.202406191623/tools/bin/../lib/gcc/arm-none-eabi/12.3.1/../../../../arm-none-eabi/lib/thumb/v7e-m+fp/hard\libc_nano.a(libc_a-closer.o)
                              C:/ST/STM32CubeIDE_1.16.1/STM32CubeIDE/plugins/com.st.stm32cube.ide.mcu.externaltools.gnu-tools-for-stm32.12.3.rel1.win32_1.0.200.202406191623/tools/bin/../lib/gcc/arm-none-eabi/12.3.1/../../../../arm-none-eabi/lib/thumb/v7e-m+fp/hard\libc_nano.a(libc_a-stdio.o) (_close_r)
C:/ST/STM32CubeIDE_1.16.1/STM32CubeIDE/plugins/com.st.stm32cube.ide.mcu.externaltools.gnu-tools-for-stm32.12.3.rel1.win32_1.0.200.202406191623/tools/bin/../lib/gcc/arm-none-eabi/12.3.1/../../../../arm-none-eabi/lib/thumb/v7e-m+fp/hard\libc_nano.a(libc_a-reent.o)
                              C:/ST/STM32CubeIDE_1.16.1/STM32CubeIDE/plugins/com.st.stm32cube.ide.mcu.externaltools.gnu-tools-for-stm32.12.3.rel1.win32_1.0.200.202406191623/tools/bin/../lib/gcc/arm-none-eabi/12.3.1/../../../../arm-none-eabi/lib/thumb/v7e-m+fp/hard\libc_nano.a(libc_a-closer.o) (errno)
C:/ST/STM32CubeIDE_1.16.1/STM32CubeIDE/plugins/com.st.stm32cube.ide.mcu.externaltools.gnu-tools-for-stm32.12.3.rel1.win32_1.0.200.202406191623/tools/bin/../lib/gcc/arm-none-eabi/12.3.1/../../../../arm-none-eabi/lib/thumb/v7e-m+fp/hard\libc_nano.a(libc_a-impure.o)
                              C:/ST/STM32CubeIDE_1.16.1/STM32CubeIDE/plugins/com.st.stm32cube.ide.mcu.externaltools.gnu-tools-for-stm32.12.3.rel1.win32_1.0.200.202406191623/tools/bin/../lib/gcc/arm-none-eabi/12.3.1/../../../../arm-none-eabi/lib/thumb/v7e-m+fp/hard\libc_nano.a(libc_a-reent.o) (_impure_ptr)
C:/ST/STM32CubeIDE_1.16.1/STM32CubeIDE/plugins/com.st.stm32cube.ide.mcu.externaltools.gnu-tools-for-stm32.12.3.rel1.win32_1.0.200.202406191623/tools/bin/../lib/gcc/arm-none-eabi/12.3.1/../../../../arm-none-eabi/lib/thumb/v7e-m+fp/hard\libc_nano.a(libc_a-lseekr.o)
[...]
Memory Configuration

Name             Origin             Length             Attributes
RAM              0x20000000         0x00020000         xrw
FLASH            0x08000000         0x00080000         xr
*default*        0x00000000         0xffffffff

Linker script and memory map

LOAD C:/ST/STM32CubeIDE_1.16.1/STM32CubeIDE/plugins/com.st.stm32cube.ide.mcu.externaltools.gnu-tools-for-stm32.12.3.rel1.win32_1.0.200.202406191623/tools/bin/../lib/gcc/arm-none-eabi/12.3.1/thumb/v7e-m+fp/hard/crti.o
LOAD C:/ST/STM32CubeIDE_1.16.1/STM32CubeIDE/plugins/com.st.stm32cube.ide.mcu.externaltools.gnu-tools-for-stm32.12.3.rel1.win32_1.0.200.202406191623/tools/bin/../lib/gcc/arm-none-eabi/12.3.1/thumb/v7e-m+fp/hard/crtbegin.o
LOAD C:/ST/STM32CubeIDE_1.16.1/STM32CubeIDE/plugins/com.st.stm32cube.ide.mcu.externaltools.gnu-tools-for-stm32.12.3.rel1.win32_1.0.200.202406191623/tools/bin/../lib/gcc/arm-none-eabi/12.3.1/../../../../arm-none-eabi/lib/thumb/v7e-m+fp/hard/crt0.o
LOAD ./Core/Src/adc.o
LOAD ./Core/Src/dma.o
LOAD ./Core/Src/gpio.o
LOAD ./Core/Src/main.o
LOAD ./Core/Src/stm32f4xx_hal_msp.o
LOAD ./Core/Src/stm32f4xx_it.o
LOAD ./Core/Src/syscalls.o
LOAD ./Core/Src/sysmem.o
LOAD ./Core/Src/system_stm32f4xx.o
LOAD ./Core/Src/tim.o
LOAD ./Core/Src/usart.o
LOAD ./Core/Startup/startup_stm32f446retx.o
LOAD ./Drivers/STM32F4xx_HAL_Driver/Src/stm32f4xx_hal.o
LOAD ./Drivers/STM32F4xx_HAL_Driver/Src/stm32f4xx_hal_adc.o
LOAD ./Drivers/STM32F4xx_HAL_Driver/Src/stm32f4xx_hal_adc_ex.o
LOAD ./Drivers/STM32F4xx_HAL_Driver/Src/stm32f4xx_hal_cortex.o
LOAD ./Drivers/STM32F4xx_HAL_Driver/Src/stm32f4xx_hal_dma.o
LOAD ./Drivers/STM32F4xx_HAL_Driver/Src/stm32f4xx_hal_dma_ex.o
LOAD ./Drivers/STM32F4xx_HAL_Driver/Src/stm32f4xx_hal_exti.o
LOAD ./Drivers/STM32F4xx_HAL_Driver/Src/stm32f4xx_hal_flash.o
LOAD ./Drivers/STM32F4xx_HAL_Driver/Src/stm32f4xx_hal_flash_ex.o
LOAD ./Drivers/STM32F4xx_HAL_Driver/Src/stm32f4xx_hal_flash_ramfunc.o
LOAD ./Drivers/STM32F4xx_HAL_Driver/Src/stm32f4xx_hal_gpio.o
LOAD ./Drivers/STM32F4xx_HAL_Driver/Src/stm32f4xx_hal_pwr.o
LOAD ./Drivers/STM32F4xx_HAL_Driver/Src/stm32f4xx_hal_pwr_ex.o
LOAD ./Drivers/STM32F4xx_HAL_Driver/Src/stm32f4xx_hal_rcc.o
LOAD ./Drivers/STM32F4xx_HAL_Driver/Src/stm32f4xx_hal_rcc_ex.o
LOAD ./Drivers/STM32F4xx_HAL_Driver/Src/stm32f4xx_hal_tim.o
LOAD ./Drivers/STM32F4xx_HAL_Driver/Src/stm32f4xx_hal_tim_ex.o
LOAD ./Drivers/STM32F4xx_HAL_Driver/Src/stm32f4xx_ll_adc.o
LOAD ./Drivers/STM32F4xx_HAL_Driver/Src/stm32f4xx_ll_dma.o
LOAD ./Drivers/STM32F4xx_HAL_Driver/Src/stm32f4xx_ll_exti.o
LOAD ./Drivers/STM32F4xx_HAL_Driver/Src/stm32f4xx_ll_gpio.o
LOAD ./Drivers/STM32F4xx_HAL_Driver/Src/stm32f4xx_ll_rcc.o
LOAD ./Drivers/STM32F4xx_HAL_Driver/Src/stm32f4xx_ll_usart.o
LOAD ./Drivers/STM32F4xx_HAL_Driver/Src/stm32f4xx_ll_utils.o
START GROUP
LOAD C:/ST/STM32CubeIDE_1.16.1/STM32CubeIDE/plugins/com.st.stm32cube.ide.mcu.externaltools.gnu-tools-for-stm32.12.3.rel1.win32_1.0.200.202406191623/tools/bin/../lib/gcc/arm-none-eabi/12.3.1/../../../../arm-none-eabi/lib/thumb/v7e-m+fp/hard\libc_nano.a
LOAD C:/ST/STM32CubeIDE_1.16.1/STM32CubeIDE/plugins/com.st.stm32cube.ide.mcu.externaltools.gnu-tools-for-stm32.12.3.rel1.win32_1.0.200.202406191623/tools/bin/../lib/gcc/arm-none-eabi/12.3.1/../../../../arm-none-eabi/lib/thumb/v7e-m+fp/hard\libm.a
END GROUP
START GROUP
LOAD C:/ST/STM32CubeIDE_1.16.1/STM32CubeIDE/plugins/com.st.stm32cube.ide.mcu.externaltools.gnu-tools-for-stm32.12.3.rel1.win32_1.0.200.202406191623/tools/bin/../lib/gcc/arm-none-eabi/12.3.1/thumb/v7e-m+fp/hard\libgcc.a
LOAD C:/ST/STM32CubeIDE_1.16.1/STM32CubeIDE/plugins/com.st.stm32cube.ide.mcu.externaltools.gnu-tools-for-stm32.12.3.rel1.win32_1.0.200.202406191623/tools/bin/../lib/gcc/arm-none-eabi/12.3.1/../../../../arm-none-eabi/lib/thumb/v7e-m+fp/hard\libc_nano.a
END GROUP
START GROUP
LOAD C:/ST/STM32CubeIDE_1.16.1/STM32CubeIDE/plugins/com.st.stm32cube.ide.mcu.externaltools.gnu-tools-for-stm32.12.3.rel1.win32_1.0.200.202406191623/tools/bin/../lib/gcc/arm-none-eabi/12.3.1/thumb/v7e-m+fp/hard\libgcc.a
LOAD C:/ST/STM32CubeIDE_1.16.1/STM32CubeIDE/plugins/com.st.stm32cube.ide.mcu.externaltools.gnu-tools-for-stm32.12.3.rel1.win32_1.0.200.202406191623/tools/bin/../lib/gcc/arm-none-eabi/12.3.1/../../../../arm-none-eabi/lib/thumb/v7e-m+fp/hard\libc_nano.a
LOAD C:/ST/STM32CubeIDE_1.16.1/STM32CubeIDE/plugins/com.st.stm32cube.ide.mcu.externaltools.gnu-tools-for-stm32.12.3.rel1.win32_1.0.200.202406191623/tools/bin/../lib/gcc/arm-none-eabi/12.3.1/../../../../arm-none-eabi/lib/thumb/v7e-m+fp/hard\libnosys.a
END GROUP
START GROUP
LOAD C:/ST/STM32CubeIDE_1.16.1/STM32CubeIDE/plugins/com.st.stm32cube.ide.mcu.externaltools.gnu-tools-for-stm32.12.3.rel1.win32_1.0.200.202406191623/tools/bin/../lib/gcc/arm-none-eabi/12.3.1/thumb/v7e-m+fp/hard\libgcc.a
LOAD C:/ST/STM32CubeIDE_1.16.1/STM32CubeIDE/plugins/com.st.stm32cube.ide.mcu.externaltools.gnu-tools-for-stm32.12.3.rel1.win32_1.0.200.202406191623/tools/bin/../lib/gcc/arm-none-eabi/12.3.1/../../../../arm-none-eabi/lib/thumb/v7e-m+fp/hard\libc_nano.a
LOAD C:/ST/STM32CubeIDE_1.16.1/STM32CubeIDE/plugins/com.st.stm32cube.ide.mcu.externaltools.gnu-tools-for-stm32.12.3.rel1.win32_1.0.200.202406191623/tools/bin/../lib/gcc/arm-none-eabi/12.3.1/../../../../arm-none-eabi/lib/thumb/v7e-m+fp/hard\libnosys.a
END GROUP
LOAD C:/ST/STM32CubeIDE_1.16.1/STM32CubeIDE/plugins/com.st.stm32cube.ide.mcu.externaltools.gnu-tools-for-stm32.12.3.rel1.win32_1.0.200.202406191623/tools/bin/../lib/gcc/arm-none-eabi/12.3.1/thumb/v7e-m+fp/hard/crtend.o
LOAD C:/ST/STM32CubeIDE_1.16.1/STM32CubeIDE/plugins/com.st.stm32cube.ide.mcu.externaltools.gnu-tools-for-stm32.12.3.rel1.win32_1.0.200.202406191623/tools/bin/../lib/gcc/arm-none-eabi/12.3.1/thumb/v7e-m+fp/hard/crtn.o
                0x20020000                        _estack = (ORIGIN (RAM) + LENGTH (RAM))
                0x00000200                        _Min_Heap_Size = 0x200
                0x00000400                        _Min_Stack_Size = 0x400

.isr_vector     0x08000000      0x1c4
                0x08000000                        . = ALIGN (0x4)
 *(.isr_vector)
 .isr_vector    0x08000000      0x1c4 ./Core/Startup/startup_stm32f446retx.o
                0x08000000                g_pfnVectors
                0x080001c4                        . = ALIGN (0x4)

.text           0x080001c8     0x5ebc
                0x080001c8                        . = ALIGN (0x4)
 *(.text)
 .text          0x080001c8       0x40 C:/ST/STM32CubeIDE_1.16.1/STM32CubeIDE/plugins/com.st.stm32cube.ide.mcu.externaltools.gnu-tools-for-stm32.12.3.rel1.win32_1.0.200.202406191623/tools/bin/../lib/gcc/arm-none-eabi/12.3.1/thumb/v7e-m+fp/hard/crtbegin.o
 .text          0x08000208      0x254 C:/ST/STM32CubeIDE_1.16.1/STM32CubeIDE/plugins/com.st.stm32cube.ide.mcu.externaltools.gnu-tools-for-stm32.12.3.rel1.win32_1.0.200.202406191623/tools/bin/../lib/gcc/arm-none-eabi/12.3.1/thumb/v7e-m+fp/hard\libgcc.a(_arm_muldf3.o)
                0x08000208                __muldf3
                0x08000208                __aeabi_dmul
 .text          0x0800045c      0x378 C:/ST/STM32CubeIDE_1.16.1/STM32CubeIDE/plugins/com.st.stm32cube.ide.mcu.externaltools.gnu-tools-for-stm32.12.3.rel1.win32_1.0.200.202406191623/tools/bin/../lib/gcc/arm-none-eabi/12.3.1/thumb/v7e-m+fp/hard\libgcc.a(_arm_addsubdf3.o)
                0x0800045c                __aeabi_drsub
                0x08000464                __aeabi_dsub
                0x08000464                __subdf3
                0x08000468                __aeabi_dadd
                0x08000468                __adddf3
                0x080006e0                __floatunsidf
                0x080006e0                __aeabi_ui2d
                0x08000700                __floatsidf
                0x08000700                __aeabi_i2d
                0x08000724                __aeabi_f2d
                0x08000724                __extendsfdf2
                0x08000768                __floatundidf
                0x08000768                __aeabi_ul2d
                0x08000778                __floatdidf
                0x08000778                __aeabi_l2d
 .text          0x080007d4       0xa0 C:/ST/STM32CubeIDE_1.16.1/STM32CubeIDE/plugins/com.st.stm32cube.ide.mcu.externaltools.gnu-tools-for-stm32.12.3.rel1.win32_1.0.200.202406191623/tools/bin/../lib/gcc/arm-none-eabi/12.3.1/thumb/v7e-m+fp/hard\libgcc.a(_arm_truncdfsf2.o)
                0x080007d4                __truncdfsf2
                0x080007d4                __aeabi_d2f
 .text          0x08000874       0x30 C:/ST/STM32CubeIDE_1.16.1/STM32CubeIDE/plugins/com.st.stm32cube.ide.mcu.externaltools.gnu-tools-for-stm32.12.3.rel1.win32_1.0.200.202406191623/tools/bin/../lib/gcc/arm-none-eabi/12.3.1/thumb/v7e-m+fp/hard\libgcc.a(_aeabi_uldivmod.o)
                0x08000874                __aeabi_uldivmod
 .text          0x080008a4      0x2bc C:/ST/STM32CubeIDE_1.16.1/STM32CubeIDE/plugins/com.st.stm32cube.ide.mcu.externaltools.gnu-tools-for-stm32.12.3.rel1.win32_1.0.200.202406191623/tools/bin/../lib/gcc/arm-none-eabi/12.3.1/thumb/v7e-m+fp/hard\libgcc.a(_udivmoddi4.o)
                0x080008a4                __udivmoddi4
 .text          0x08000b60        0x4 C:/ST/STM32CubeIDE_1.16.1/STM32CubeIDE/plugins/com.st.stm32cube.ide.mcu.externaltools.gnu-tools-for-stm32.12.3.rel1.win32_1.0.200.202406191623/tools/bin/../lib/gcc/arm-none-eabi/12.3.1/thumb/v7e-m+fp/hard\libgcc.a(_dvmd_tls.o)
                0x08000b60                __aeabi_idiv0
                0x08000b60                __aeabi_ldiv0
 *(.text*)
 .text.MX_ADC1_Init
                0x08000b64       0xdc ./Core/Src/adc.o
                0x08000b64                MX_ADC1_Init
 .text.HAL_ADC_MspInit
                0x08000c40      0x100 ./Core/Src/adc.o
                0x08000c40                HAL_ADC_MspInit
 .text.__NVIC_GetPriorityGrouping
                0x08000d40       0x1c ./Core/Src/dma.o
 .text.__NVIC_EnableIRQ
                0x08000d5c       0x3c ./Core/Src/dma.o
 .text.__NVIC_SetPriority
                0x08000d98       0x54 ./Core/Src/dma.o
 .text.NVIC_EncodePriority
                0x08000dec       0x66 ./Core/Src/dma.o
 *fill*         0x08000e52        0x2 
 .text.MX_DMA_Init
                0x08000e54       0xbc ./Core/Src/dma.o
                0x08000e54                MX_DMA_Init
 .text.MX_GPIO_Init
                0x08000f10       0xd8 ./Core/Src/gpio.o
                0x08000f10                MX_GPIO_Init
 .text.LL_USART_IsActiveFlag_TXE
                0x08000fe8       0x26 ./Core/Src/main.o
 .text.LL_USART_EnableIT_IDLE
                0x0800100e       0x46 ./Core/Src/main.o
 .text.LL_USART_EnableDMAReq_RX
                0x08001054       0x46 ./Core/Src/main.o
 .text.LL_USART_TransmitData8
                0x0800109a       0x1e ./Core/Src/main.o
 .text.LL_DMA_EnableStream
                0x080010b8       0x40 ./Core/Src/main.o
 .text.LL_DMA_SetDataLength
                0x080010f8       0x48 ./Core/Src/main.o
 .text.LL_DMA_SetMemoryAddress
                0x08001140       0x30 ./Core/Src/main.o
 .text.LL_DMA_SetPeriphAddress
                0x08001170       0x30 ./Core/Src/main.o
 .text.writePacket
                0x080011a0       0x4c ./Core/Src/main.o
                0x080011a0                writePacket
 .text.writePacket3
                0x080011ec       0x4c ./Core/Src/main.o
                0x080011ec                writePacket3
 .text.sendPsd  0x08001238       0xb8 ./Core/Src/main.o
                0x08001238                sendPsd
 .text.main     0x080012f0      0x114 ./Core/Src/main.o
                0x080012f0                main
 .text.SystemClock_Config
                0x08001404       0xe4 ./Core/Src/main.o
                0x08001404                SystemClock_Config
 .text.HAL_ADC_ConvCpltCallback
                0x080014e8       0xf8 ./Core/Src/main.o
                0x080014e8                HAL_ADC_ConvCpltCallback
 .text.update_crc
                0x080015e0       0xd8 ./Core/Src/main.o
                0x080015e0                update_crc
 .text.enableTorque
                0x080016b8      0x110 ./Core/Src/main.o
                0x080016b8                enableTorque
 .text.operatingMode
                0x080017c8      0x110 ./Core/Src/main.o
                0x080017c8                operatingMode
 .text.sendGoalVelocity
                0x080018d8      0x150 ./Core/Src/main.o
                0x080018d8                sendGoalVelocity
 .text.convertlineangVelToSpeed
                0x08001a28       0x98 ./Core/Src/main.o
                0x08001a28                convertlineangVelToSpeed
 .text.Error_Handler
                0x08001ac0        0xc ./Core/Src/main.o
                0x08001ac0                Error_Handler
 .text.HAL_MspInit
                0x08001acc       0x50 ./Core/Src/stm32f4xx_hal_msp.o
                0x08001acc                HAL_MspInit
 .text.LL_USART_IsActiveFlag_ORE
                0x08001b1c       0x26 ./Core/Src/stm32f4xx_it.o
 .text.LL_USART_IsActiveFlag_IDLE
                0x08001b42       0x26 ./Core/Src/stm32f4xx_it.o
 .text.LL_USART_ClearFlag_ORE
                0x08001b68       0x24 ./Core/Src/stm32f4xx_it.o
 .text.LL_USART_ClearFlag_IDLE
                0x08001b8c       0x24 ./Core/Src/stm32f4xx_it.o
 .text.LL_GPIO_SetOutputPin
                0x08001bb0       0x1c ./Core/Src/stm32f4xx_it.o
 .text.LL_DMA_EnableStream
                0x08001bcc       0x40 ./Core/Src/stm32f4xx_it.o
 .text.LL_DMA_DisableStream
                0x08001c0c       0x40 ./Core/Src/stm32f4xx_it.o
 .text.LL_DMA_SetDataLength
                0x08001c4c       0x48 ./Core/Src/stm32f4xx_it.o
 .text.LL_DMA_GetDataLength
                0x08001c94       0x2c ./Core/Src/stm32f4xx_it.o
 .text.NMI_Handler
                0x08001cc0        0x8 ./Core/Src/stm32f4xx_it.o
                0x08001cc0                NMI_Handler
 .text.HardFault_Handler
                0x08001cc8        0x8 ./Core/Src/stm32f4xx_it.o
                0x08001cc8                HardFault_Handler
 .text.MemManage_Handler
                0x08001cd0        0x8 ./Core/Src/stm32f4xx_it.o
                0x08001cd0                MemManage_Handler
 .text.BusFault_Handler
                0x08001cd8        0x8 ./Core/Src/stm32f4xx_it.o
                0x08001cd8                BusFault_Handler
 .text.UsageFault_Handler
                0x08001ce0        0x8 ./Core/Src/stm32f4xx_it.o
                0x08001ce0                UsageFault_Handler
 .text.SVC_Handler
                0x08001ce8        0xe ./Core/Src/stm32f4xx_it.o
                0x08001ce8                SVC_Handler
 .text.DebugMon_Handler
                0x08001cf6        0xe ./Core/Src/stm32f4xx_it.o
                0x08001cf6                DebugMon_Handler
 .text.PendSV_Handler
                0x08001d04        0xe ./Core/Src/stm32f4xx_it.o
                0x08001d04                PendSV_Handler
 .text.SysTick_Handler
                0x08001d12        0xc ./Core/Src/stm32f4xx_it.o
                0x08001d12                SysTick_Handler
 .text.DMA1_Stream3_IRQHandler
                0x08001d1e        0xe ./Core/Src/stm32f4xx_it.o
                0x08001d1e                DMA1_Stream3_IRQHandler
 .text.ADC_IRQHandler
                0x08001d2c       0x14 ./Core/Src/stm32f4xx_it.o
                0x08001d2c                ADC_IRQHandler
 .text.USART1_IRQHandler
                0x08001d40       0xd4 ./Core/Src/stm32f4xx_it.o
                0x08001d40                USART1_IRQHandler
 .text.USART3_IRQHandler
                0x08001e14        0xe ./Core/Src/stm32f4xx_it.o
                0x08001e14                USART3_IRQHandler
 *fill*         0x08001e22        0x2 
 .text.TIM8_UP_TIM13_IRQHandler
                0x08001e24       0x14 ./Core/Src/stm32f4xx_it.o
                0x08001e24                TIM8_UP_TIM13_IRQHandler
 .text.DMA2_Stream0_IRQHandler
                0x08001e38       0x14 ./Core/Src/stm32f4xx_it.o
                0x08001e38                DMA2_Stream0_IRQHandler
 .text.DMA2_Stream2_IRQHandler
                0x08001e4c        0xe ./Core/Src/stm32f4xx_it.o
                0x08001e4c                DMA2_Stream2_IRQHandler
 .text.DMA2_Stream7_IRQHandler
                0x08001e5a        0xe ./Core/Src/stm32f4xx_it.o
                0x08001e5a                DMA2_Stream7_IRQHandler
 .text.SystemInit
                0x08001e68       0x24 ./Core/Src/system_stm32f4xx.o
                0x08001e68                SystemInit
 .text.MX_TIM8_Init
                0x08001e8c       0xa0 ./Core/Src/tim.o
                0x08001e8c                MX_TIM8_Init
 .text.HAL_TIM_Base_MspInit
                0x08001f2c       0x50 ./Core/Src/tim.o
                0x08001f2c                HAL_TIM_Base_MspInit
 .text.__NVIC_GetPriorityGrouping
                0x08001f7c       0x1c ./Core/Src/usart.o
 .text.__NVIC_EnableIRQ
                0x08001f98       0x3c ./Core/Src/usart.o
 .text.__NVIC_SetPriority
                0x08001fd4       0x54 ./Core/Src/usart.o
 .text.NVIC_EncodePriority
                0x08002028       0x66 ./Core/Src/usart.o
 .text.LL_USART_Enable
                0x0800208e       0x20 ./Core/Src/usart.o
 .text.LL_USART_ConfigAsyncMode
                0x080020ae       0x2c ./Core/Src/usart.o
 *fill*         0x080020da        0x2 
 .text.LL_AHB1_GRP1_EnableClock
                0x080020dc       0x30 ./Core/Src/usart.o
 .text.LL_APB1_GRP1_EnableClock
                0x0800210c       0x30 ./Core/Src/usart.o
 .text.LL_APB2_GRP1_EnableClock
                0x0800213c       0x30 ./Core/Src/usart.o
 .text.LL_DMA_SetDataTransferDirection
                0x0800216c       0x48 ./Core/Src/usart.o
 .text.LL_DMA_SetMode
                0x080021b4       0x48 ./Core/Src/usart.o
 .text.LL_DMA_SetPeriphIncMode
                0x080021fc       0x48 ./Core/Src/usart.o
 .text.LL_DMA_SetMemoryIncMode
                0x08002244       0x48 ./Core/Src/usart.o
 .text.LL_DMA_SetPeriphSize
                0x0800228c       0x48 ./Core/Src/usart.o
 .text.LL_DMA_SetMemorySize
                0x080022d4       0x48 ./Core/Src/usart.o
 .text.LL_DMA_SetStreamPriorityLevel
                0x0800231c       0x48 ./Core/Src/usart.o
 .text.LL_DMA_SetChannelSelection
                0x08002364       0x48 ./Core/Src/usart.o
 .text.LL_DMA_DisableFifoMode
                0x080023ac       0x40 ./Core/Src/usart.o
 .text.MX_USART1_UART_Init
                0x080023ec      0x180 ./Core/Src/usart.o
                0x080023ec                MX_USART1_UART_Init
 .text.MX_USART3_UART_Init
                0x0800256c      0x128 ./Core/Src/usart.o
                0x0800256c                MX_USART3_UART_Init
 .text.Reset_Handler
                0x08002694       0x50 ./Core/Startup/startup_stm32f446retx.o
                0x08002694                Reset_Handler
 .text.Default_Handler
                0x080026e4        0x2 ./Core/Startup/startup_stm32f446retx.o
                0x080026e4                RTC_Alarm_IRQHandler
                0x080026e4                EXTI2_IRQHandler
                0x080026e4                TIM8_CC_IRQHandler
                0x080026e4                FMPI2C1_EV_IRQHandler
                0x080026e4                SPI4_IRQHandler
                0x080026e4                TIM1_CC_IRQHandler
                0x080026e4                DMA2_Stream5_IRQHandler
                0x080026e4                DMA1_Stream5_IRQHandler
                0x080026e4                PVD_IRQHandler
                0x080026e4                SDIO_IRQHandler
                0x080026e4                TAMP_STAMP_IRQHandler
                0x080026e4                CAN2_RX1_IRQHandler
                0x080026e4                EXTI3_IRQHandler
                0x080026e4                TIM8_TRG_COM_TIM14_IRQHandler
                0x080026e4                TIM1_UP_TIM10_IRQHandler
                0x080026e4                I2C3_ER_IRQHandler
                0x080026e4                EXTI0_IRQHandler
                0x080026e4                I2C2_EV_IRQHandler
                0x080026e4                DMA1_Stream2_IRQHandler
                0x080026e4                CAN1_RX0_IRQHandler
                0x080026e4                FPU_IRQHandler
                0x080026e4                OTG_HS_WKUP_IRQHandler
                0x080026e4                CAN2_SCE_IRQHandler
                0x080026e4                SPI1_IRQHandler
                0x080026e4                TIM6_DAC_IRQHandler
                0x080026e4                TIM1_BRK_TIM9_IRQHandler
                0x080026e4                DCMI_IRQHandler
                0x080026e4                CAN2_RX0_IRQHandler
                0x080026e4                DMA2_Stream3_IRQHandler
                0x080026e4                SAI2_IRQHandler
                0x080026e4                USART6_IRQHandler
                0x080026e4                CAN1_RX1_IRQHandler
                0x080026e4                UART5_IRQHandler
                0x080026e4                TIM4_IRQHandler
                0x080026e4                QUADSPI_IRQHandler
                0x080026e4                I2C1_EV_IRQHandler
                0x080026e4                DMA1_Stream6_IRQHandler
                0x080026e4                DMA1_Stream1_IRQHandler
                0x080026e4                UART4_IRQHandler
                0x080026e4                TIM3_IRQHandler
                0x080026e4                RCC_IRQHandler
                0x080026e4                TIM8_BRK_TIM12_IRQHandler
                0x080026e4                Default_Handler
                0x080026e4                CEC_IRQHandler
                0x080026e4                EXTI15_10_IRQHandler
                0x080026e4                DMA1_Stream7_IRQHandler
                0x080026e4                TIM7_IRQHandler
                0x080026e4                CAN2_TX_IRQHandler
                0x080026e4                TIM5_IRQHandler
                0x080026e4                I2C3_EV_IRQHandler
                0x080026e4                EXTI9_5_IRQHandler
                0x080026e4                RTC_WKUP_IRQHandler
                0x080026e4                SPDIF_RX_IRQHandler
                0x080026e4                SPI2_IRQHandler
                0x080026e4                OTG_HS_EP1_IN_IRQHandler
                0x080026e4                DMA1_Stream0_IRQHandler
                0x080026e4                CAN1_TX_IRQHandler
                0x080026e4                FMPI2C1_ER_IRQHandler
                0x080026e4                EXTI4_IRQHandler
                0x080026e4                OTG_HS_EP1_OUT_IRQHandler
                0x080026e4                WWDG_IRQHandler
                0x080026e4                TIM2_IRQHandler
                0x080026e4                OTG_FS_WKUP_IRQHandler
                0x080026e4                TIM1_TRG_COM_TIM11_IRQHandler
                0x080026e4                OTG_HS_IRQHandler
                0x080026e4                EXTI1_IRQHandler
                0x080026e4                USART2_IRQHandler
                0x080026e4                I2C2_ER_IRQHandler
                0x080026e4                DMA2_Stream1_IRQHandler
                0x080026e4                CAN1_SCE_IRQHandler
                0x080026e4                FLASH_IRQHandler
                0x080026e4                DMA2_Stream4_IRQHandler
                0x080026e4                OTG_FS_IRQHandler
                0x080026e4                SPI3_IRQHandler
                0x080026e4                DMA1_Stream4_IRQHandler
                0x080026e4                I2C1_ER_IRQHandler
                0x080026e4                FMC_IRQHandler
                0x080026e4                DMA2_Stream6_IRQHandler
                0x080026e4                SAI1_IRQHandler
 *fill*         0x080026e6        0x2 
 .text.HAL_Init
                0x080026e8       0x44 ./Drivers/STM32F4xx_HAL_Driver/Src/stm32f4xx_hal.o
                0x080026e8                HAL_Init
 .text.HAL_InitTick
                0x0800272c       0x60 ./Drivers/STM32F4xx_HAL_Driver/Src/stm32f4xx_hal.o
                0x0800272c                HAL_InitTick
 .text.HAL_IncTick
                0x0800278c       0x28 ./Drivers/STM32F4xx_HAL_Driver/Src/stm32f4xx_hal.o
                0x0800278c                HAL_IncTick
 .text.HAL_GetTick
                0x080027b4       0x18 ./Drivers/STM32F4xx_HAL_Driver/Src/stm32f4xx_hal.o
                0x080027b4                HAL_GetTick
 .text.HAL_ADC_Init
                0x080027cc       0x86 ./Drivers/STM32F4xx_HAL_Driver/Src/stm32f4xx_hal_adc.o
                0x080027cc                HAL_ADC_Init
 .text.HAL_ADC_IRQHandler
                0x08002852      0x220 ./Drivers/STM32F4xx_HAL_Driver/Src/stm32f4xx_hal_adc.o
                0x08002852                HAL_ADC_IRQHandler
 *fill*         0x08002a72        0x2 
 .text.HAL_ADC_Start_DMA
                0x08002a74      0x220 ./Drivers/STM32F4xx_HAL_Driver/Src/stm32f4xx_hal_adc.o
                0x08002a74                HAL_ADC_Start_DMA
 .text.HAL_ADC_ConvHalfCpltCallback
                0x08002c94       0x14 ./Drivers/STM32F4xx_HAL_Driver/Src/stm32f4xx_hal_adc.o
                0x08002c94                HAL_ADC_ConvHalfCpltCallback
 .text.HAL_ADC_LevelOutOfWindowCallback
                0x08002ca8       0x14 ./Drivers/STM32F4xx_HAL_Driver/Src/stm32f4xx_hal_adc.o
                0x08002ca8                HAL_ADC_LevelOutOfWindowCallback
 .text.HAL_ADC_ErrorCallback
                0x08002cbc       0x14 ./Drivers/STM32F4xx_HAL_Driver/Src/stm32f4xx_hal_adc.o
                0x08002cbc                HAL_ADC_ErrorCallback
 .text.HAL_ADC_ConfigChannel
                0x08002cd0      0x264 ./Drivers/STM32F4xx_HAL_Driver/Src/stm32f4xx_hal_adc.o
                0x08002cd0                HAL_ADC_ConfigChannel
 .text.ADC_Init
                0x08002f34      0x1f8 ./Drivers/STM32F4xx_HAL_Driver/Src/stm32f4xx_hal_adc.o
 .text.ADC_DMAConvCplt
                0x0800312c       0xba ./Drivers/STM32F4xx_HAL_Driver/Src/stm32f4xx_hal_adc.o
 .text.ADC_DMAHalfConvCplt
                0x080031e6       0x1c ./Drivers/STM32F4xx_HAL_Driver/Src/stm32f4xx_hal_adc.o
 .text.ADC_DMAError
                0x08003202       0x2e ./Drivers/STM32F4xx_HAL_Driver/Src/stm32f4xx_hal_adc.o
 .text.HAL_ADCEx_InjectedConvCpltCallback
                0x08003230       0x14 ./Drivers/STM32F4xx_HAL_Driver/Src/stm32f4xx_hal_adc_ex.o
                0x08003230                HAL_ADCEx_InjectedConvCpltCallback
 .text.__NVIC_SetPriorityGrouping
                0x08003244       0x48 ./Drivers/STM32F4xx_HAL_Driver/Src/stm32f4xx_hal_cortex.o
 .text.__NVIC_GetPriorityGrouping
                0x0800328c       0x1c ./Drivers/STM32F4xx_HAL_Driver/Src/stm32f4xx_hal_cortex.o
 .text.__NVIC_EnableIRQ
                0x080032a8       0x3c ./Drivers/STM32F4xx_HAL_Driver/Src/stm32f4xx_hal_cortex.o
 .text.__NVIC_SetPriority
                0x080032e4       0x54 ./Drivers/STM32F4xx_HAL_Driver/Src/stm32f4xx_hal_cortex.o
 .text.NVIC_EncodePriority
                0x08003338       0x66 ./Drivers/STM32F4xx_HAL_Driver/Src/stm32f4xx_hal_cortex.o
 *fill*         0x0800339e        0x2 
 .text.SysTick_Config
                0x080033a0       0x44 ./Drivers/STM32F4xx_HAL_Driver/Src/stm32f4xx_hal_cortex.o
 .text.HAL_NVIC_SetPriorityGrouping
                0x080033e4       0x16 ./Drivers/STM32F4xx_HAL_Driver/Src/stm32f4xx_hal_cortex.o
                0x080033e4                HAL_NVIC_SetPriorityGrouping
 .text.HAL_NVIC_SetPriority
                0x080033fa       0x38 ./Drivers/STM32F4xx_HAL_Driver/Src/stm32f4xx_hal_cortex.o
                0x080033fa                HAL_NVIC_SetPriority
 .text.HAL_NVIC_EnableIRQ
                0x08003432       0x1c ./Drivers/STM32F4xx_HAL_Driver/Src/stm32f4xx_hal_cortex.o
                0x08003432                HAL_NVIC_EnableIRQ
 .text.HAL_SYSTICK_Config
                0x0800344e       0x18 ./Drivers/STM32F4xx_HAL_Driver/Src/stm32f4xx_hal_cortex.o
                0x0800344e                HAL_SYSTICK_Config
 *fill*         0x08003466        0x2 
 .text.HAL_DMA_Init
                0x08003468      0x15c ./Drivers/STM32F4xx_HAL_Driver/Src/stm32f4xx_hal_dma.o
                0x08003468                HAL_DMA_Init
 .text.HAL_DMA_Start_IT
                0x080035c4       0xb0 ./Drivers/STM32F4xx_HAL_Driver/Src/stm32f4xx_hal_dma.o
                0x080035c4                HAL_DMA_Start_IT
 .text.HAL_DMA_IRQHandler
                0x08003674      0x314 ./Drivers/STM32F4xx_HAL_Driver/Src/stm32f4xx_hal_dma.o
                0x08003674                HAL_DMA_IRQHandler
 .text.DMA_SetConfig
                0x08003988       0x5c ./Drivers/STM32F4xx_HAL_Driver/Src/stm32f4xx_hal_dma.o
 .text.DMA_CalcBaseAndBitshift
                0x080039e4       0x6c ./Drivers/STM32F4xx_HAL_Driver/Src/stm32f4xx_hal_dma.o
 .text.DMA_CheckFifoParam
                0x08003a50       0xf8 ./Drivers/STM32F4xx_HAL_Driver/Src/stm32f4xx_hal_dma.o
 .text.HAL_GPIO_Init
                0x08003b48      0x328 ./Drivers/STM32F4xx_HAL_Driver/Src/stm32f4xx_hal_gpio.o
                0x08003b48                HAL_GPIO_Init
 .text.HAL_GPIO_WritePin
                0x08003e70       0x32 ./Drivers/STM32F4xx_HAL_Driver/Src/stm32f4xx_hal_gpio.o
                0x08003e70                HAL_GPIO_WritePin
 *fill*         0x08003ea2        0x2 
 .text.HAL_PWREx_EnableOverDrive
                0x08003ea4       0xa0 ./Drivers/STM32F4xx_HAL_Driver/Src/stm32f4xx_hal_pwr_ex.o
                0x08003ea4                HAL_PWREx_EnableOverDrive
 .text.HAL_RCC_ClockConfig
                0x08003f44      0x1cc ./Drivers/STM32F4xx_HAL_Driver/Src/stm32f4xx_hal_rcc.o
                0x08003f44                HAL_RCC_ClockConfig
 .text.HAL_RCC_GetSysClockFreq
                0x08004110      0x45c ./Drivers/STM32F4xx_HAL_Driver/Src/stm32f4xx_hal_rcc_ex.o
                0x08004110                HAL_RCC_GetSysClockFreq
 .text.HAL_RCC_OscConfig
                0x0800456c      0x53c ./Drivers/STM32F4xx_HAL_Driver/Src/stm32f4xx_hal_rcc_ex.o
                0x0800456c                HAL_RCC_OscConfig
 .text.HAL_TIM_Base_Init
                0x08004aa8       0x9e ./Drivers/STM32F4xx_HAL_Driver/Src/stm32f4xx_hal_tim.o
                0x08004aa8                HAL_TIM_Base_Init
 *fill*         0x08004b46        0x2 
 .text.HAL_TIM_Base_Start_IT
                0x08004b48       0xe0 ./Drivers/STM32F4xx_HAL_Driver/Src/stm32f4xx_hal_tim.o
                0x08004b48                HAL_TIM_Base_Start_IT
 .text.HAL_TIM_IRQHandler
                0x08004c28      0x1e0 ./Drivers/STM32F4xx_HAL_Driver/Src/stm32f4xx_hal_tim.o
                0x08004c28                HAL_TIM_IRQHandler
 .text.HAL_TIM_ConfigClockSource
                0x08004e08      0x18e ./Drivers/STM32F4xx_HAL_Driver/Src/stm32f4xx_hal_tim.o
                0x08004e08                HAL_TIM_ConfigClockSource
 .text.HAL_TIM_PeriodElapsedCallback
                0x08004f96       0x14 ./Drivers/STM32F4xx_HAL_Driver/Src/stm32f4xx_hal_tim.o
                0x08004f96                HAL_TIM_PeriodElapsedCallback
 .text.HAL_TIM_OC_DelayElapsedCallback
                0x08004faa       0x14 ./Drivers/STM32F4xx_HAL_Driver/Src/stm32f4xx_hal_tim.o
                0x08004faa                HAL_TIM_OC_DelayElapsedCallback
 .text.HAL_TIM_IC_CaptureCallback
                0x08004fbe       0x14 ./Drivers/STM32F4xx_HAL_Driver/Src/stm32f4xx_hal_tim.o
                0x08004fbe                HAL_TIM_IC_CaptureCallback
 .text.HAL_TIM_PWM_PulseFinishedCallback
                0x08004fd2       0x14 ./Drivers/STM32F4xx_HAL_Driver/Src/stm32f4xx_hal_tim.o
                0x08004fd2                HAL_TIM_PWM_PulseFinishedCallback
 .text.HAL_TIM_TriggerCallback
                0x08004fe6       0x14 ./Drivers/STM32F4xx_HAL_Driver/Src/stm32f4xx_hal_tim.o
                0x08004fe6                HAL_TIM_TriggerCallback
 *fill*         0x08004ffa        0x2 
 .text.TIM_Base_SetConfig
                0x08004ffc      0x158 ./Drivers/STM32F4xx_HAL_Driver/Src/stm32f4xx_hal_tim.o
                0x08004ffc                TIM_Base_SetConfig
 .text.TIM_TI1_ConfigInputStage
                0x08005154       0x5e ./Drivers/STM32F4xx_HAL_Driver/Src/stm32f4xx_hal_tim.o
 .text.TIM_TI2_ConfigInputStage
                0x080051b2       0x60 ./Drivers/STM32F4xx_HAL_Driver/Src/stm32f4xx_hal_tim.o
 .text.TIM_ITRx_SetConfig
                0x08005212       0x36 ./Drivers/STM32F4xx_HAL_Driver/Src/stm32f4xx_hal_tim.o
 .text.TIM_ETR_SetConfig
                0x08005248       0x40 ./Drivers/STM32F4xx_HAL_Driver/Src/stm32f4xx_hal_tim.o
                0x08005248                TIM_ETR_SetConfig
 .text.HAL_TIMEx_MasterConfigSynchronization
                0x08005288       0xf8 ./Drivers/STM32F4xx_HAL_Driver/Src/stm32f4xx_hal_tim_ex.o
                0x08005288                HAL_TIMEx_MasterConfigSynchronization
 .text.HAL_TIMEx_CommutCallback
                0x08005380       0x14 ./Drivers/STM32F4xx_HAL_Driver/Src/stm32f4xx_hal_tim_ex.o
                0x08005380                HAL_TIMEx_CommutCallback
 .text.HAL_TIMEx_BreakCallback
                0x08005394       0x14 ./Drivers/STM32F4xx_HAL_Driver/Src/stm32f4xx_hal_tim_ex.o
                0x08005394                HAL_TIMEx_BreakCallback
 .text.LL_GPIO_SetPinMode
                0x080053a8       0x7a ./Drivers/STM32F4xx_HAL_Driver/Src/stm32f4xx_ll_gpio.o
 .text.LL_GPIO_SetPinOutputType
                0x08005422       0x30 ./Drivers/STM32F4xx_HAL_Driver/Src/stm32f4xx_ll_gpio.o
 .text.LL_GPIO_SetPinSpeed
                0x08005452       0x7a ./Drivers/STM32F4xx_HAL_Driver/Src/stm32f4xx_ll_gpio.o
 .text.LL_GPIO_SetPinPull
                0x080054cc       0x7a ./Drivers/STM32F4xx_HAL_Driver/Src/stm32f4xx_ll_gpio.o
 .text.LL_GPIO_SetAFPin_0_7
                0x08005546       0x7a ./Drivers/STM32F4xx_HAL_Driver/Src/stm32f4xx_ll_gpio.o
 .text.LL_GPIO_SetAFPin_8_15
                0x080055c0       0x7e ./Drivers/STM32F4xx_HAL_Driver/Src/stm32f4xx_ll_gpio.o
 .text.LL_GPIO_Init
                0x0800563e      0x102 ./Drivers/STM32F4xx_HAL_Driver/Src/stm32f4xx_ll_gpio.o
                0x0800563e                LL_GPIO_Init
 .text.LL_RCC_GetSysClkSource
                0x08005740       0x1c ./Drivers/STM32F4xx_HAL_Driver/Src/stm32f4xx_ll_rcc.o
 .text.LL_RCC_GetAHBPrescaler
                0x0800575c       0x1c ./Drivers/STM32F4xx_HAL_Driver/Src/stm32f4xx_ll_rcc.o
 .text.LL_RCC_GetAPB1Prescaler
                0x08005778       0x1c ./Drivers/STM32F4xx_HAL_Driver/Src/stm32f4xx_ll_rcc.o
 .text.LL_RCC_GetAPB2Prescaler
                0x08005794       0x1c ./Drivers/STM32F4xx_HAL_Driver/Src/stm32f4xx_ll_rcc.o
 .text.LL_RCC_PLL_GetMainSource
                0x080057b0       0x1c ./Drivers/STM32F4xx_HAL_Driver/Src/stm32f4xx_ll_rcc.o
 .text.LL_RCC_PLL_GetN
                0x080057cc       0x1c ./Drivers/STM32F4xx_HAL_Driver/Src/stm32f4xx_ll_rcc.o
 .text.LL_RCC_PLL_GetP
                0x080057e8       0x1c ./Drivers/STM32F4xx_HAL_Driver/Src/stm32f4xx_ll_rcc.o
 .text.LL_RCC_PLL_GetR
                0x08005804       0x1c ./Drivers/STM32F4xx_HAL_Driver/Src/stm32f4xx_ll_rcc.o
 .text.LL_RCC_PLL_GetDivider
                0x08005820       0x1c ./Drivers/STM32F4xx_HAL_Driver/Src/stm32f4xx_ll_rcc.o
 .text.LL_RCC_GetSystemClocksFreq
                0x0800583c       0x4a ./Drivers/STM32F4xx_HAL_Driver/Src/stm32f4xx_ll_rcc.o
                0x0800583c                LL_RCC_GetSystemClocksFreq
 *fill*         0x08005886        0x2 
 .text.RCC_GetSystemClockFreq
                0x08005888       0x84 ./Drivers/STM32F4xx_HAL_Driver/Src/stm32f4xx_ll_rcc.o
                0x08005888                RCC_GetSystemClockFreq
 .text.RCC_GetHCLKClockFreq
                0x0800590c       0x2c ./Drivers/STM32F4xx_HAL_Driver/Src/stm32f4xx_ll_rcc.o
                0x0800590c                RCC_GetHCLKClockFreq
 .text.RCC_GetPCLK1ClockFreq
                0x08005938       0x28 ./Drivers/STM32F4xx_HAL_Driver/Src/stm32f4xx_ll_rcc.o
                0x08005938                RCC_GetPCLK1ClockFreq
 .text.RCC_GetPCLK2ClockFreq
                0x08005960       0x28 ./Drivers/STM32F4xx_HAL_Driver/Src/stm32f4xx_ll_rcc.o
                0x08005960                RCC_GetPCLK2ClockFreq
 .text.RCC_PLL_GetFreqDomain_SYS
                0x08005988       0xa0 ./Drivers/STM32F4xx_HAL_Driver/Src/stm32f4xx_ll_rcc.o
                0x08005988                RCC_PLL_GetFreqDomain_SYS
 .text.LL_USART_IsEnabled
                0x08005a28       0x28 ./Drivers/STM32F4xx_HAL_Driver/Src/stm32f4xx_ll_usart.o
 .text.LL_USART_SetStopBitsLength
                0x08005a50       0x26 ./Drivers/STM32F4xx_HAL_Driver/Src/stm32f4xx_ll_usart.o
 .text.LL_USART_SetHWFlowCtrl
                0x08005a76       0x26 ./Drivers/STM32F4xx_HAL_Driver/Src/stm32f4xx_ll_usart.o
 .text.LL_USART_SetBaudRate
                0x08005a9c      0x45c ./Drivers/STM32F4xx_HAL_Driver/Src/stm32f4xx_ll_usart.o
 .text.LL_USART_Init
                0x08005ef8      0x100 ./Drivers/STM32F4xx_HAL_Driver/Src/stm32f4xx_ll_usart.o
                0x08005ef8                LL_USART_Init
 .text.memset   0x08005ff8       0x10 C:/ST/STM32CubeIDE_1.16.1/STM32CubeIDE/plugins/com.st.stm32cube.ide.mcu.externaltools.gnu-tools-for-stm32.12.3.rel1.win32_1.0.200.202406191623/tools/bin/../lib/gcc/arm-none-eabi/12.3.1/../../../../arm-none-eabi/lib/thumb/v7e-m+fp/hard\libc_nano.a(libc_a-memset.o)
                0x08005ff8                memset
 .text.__libc_init_array
                0x08006008       0x48 C:/ST/STM32CubeIDE_1.16.1/STM32CubeIDE/plugins/com.st.stm32cube.ide.mcu.externaltools.gnu-tools-for-stm32.12.3.rel1.win32_1.0.200.202406191623/tools/bin/../lib/gcc/arm-none-eabi/12.3.1/../../../../arm-none-eabi/lib/thumb/v7e-m+fp/hard\libc_nano.a(libc_a-init.o)
                0x08006008                __libc_init_array
 .text.memcpy   0x08006050       0x1c C:/ST/STM32CubeIDE_1.16.1/STM32CubeIDE/plugins/com.st.stm32cube.ide.mcu.externaltools.gnu-tools-for-stm32.12.3.rel1.win32_1.0.200.202406191623/tools/bin/../lib/gcc/arm-none-eabi/12.3.1/../../../../arm-none-eabi/lib/thumb/v7e-m+fp/hard\libc_nano.a(libc_a-memcpy-stub.o)
                0x08006050                memcpy
 *(.glue_7)
 .glue_7        0x0800606c        0x0 linker stubs
 *(.glue_7t)
 .glue_7t       0x0800606c        0x0 linker stubs
 *(.eh_frame)
 .eh_frame      0x0800606c        0x0 C:/ST/STM32CubeIDE_1.16.1/STM32CubeIDE/plugins/com.st.stm32cube.ide.mcu.externaltools.gnu-tools-for-stm32.12.3.rel1.win32_1.0.200.202406191623/tools/bin/../lib/gcc/arm-none-eabi/12.3.1/thumb/v7e-m+fp/hard/crtbegin.o
 *(.init)
 .init          0x0800606c        0x4 C:/ST/STM32CubeIDE_1.16.1/STM32CubeIDE/plugins/com.st.stm32cube.ide.mcu.externaltools.gnu-tools-for-stm32.12.3.rel1.win32_1.0.200.202406191623/tools/bin/../lib/gcc/arm-none-eabi/12.3.1/thumb/v7e-m+fp/hard/crti.o
                0x0800606c                _init
 .init          0x08006070        0x8 C:/ST/STM32CubeIDE_1.16.1/STM32CubeIDE/plugins/com.st.stm32cube.ide.mcu.externaltools.gnu-tools-for-stm32.12.3.rel1.win32_1.0.200.202406191623/tools/bin/../lib/gcc/arm-none-eabi/12.3.1/thumb/v7e-m+fp/hard/crtn.o
 *(.fini)
 .fini          0x08006078        0x4 C:/ST/STM32CubeIDE_1.16.1/STM32CubeIDE/plugins/com.st.stm32cube.ide.mcu.externaltools.gnu-tools-for-stm32.12.3.rel1.win32_1.0.200.202406191623/tools/bin/../lib/gcc/arm-none-eabi/12.3.1/thumb/v7e-m+fp/hard/crti.o
                0x08006078                _fini
 .fini          0x0800607c        0x8 C:/ST/STM32CubeIDE_1.16.1/STM32CubeIDE/plugins/com.st.stm32cube.ide.mcu.externaltools.gnu-tools-for-stm32.12.3.rel1.win32_1.0.200.202406191623/tools/bin/../lib/gcc/arm-none-eabi/12.3.1/thumb/v7e-m+fp/hard/crtn.o
                0x08006084                        . = ALIGN (0x4)
                0x08006084                        _etext = .

.vfp11_veneer   0x08006084        0x0
 .vfp11_veneer  0x08006084        0x0 linker stubs

.v4_bx          0x08006084        0x0
 .v4_bx         0x08006084        0x0 linker stubs

.iplt           0x08006084        0x0
 .iplt          0x08006084        0x0 C:/ST/STM32CubeIDE_1.16.1/STM32CubeIDE/plugins/com.st.stm32cube.ide.mcu.externaltools.gnu-tools-for-stm32.12.3.rel1.win32_1.0.200.202406191623/tools/bin/../lib/gcc/arm-none-eabi/12.3.1/thumb/v7e-m+fp/hard/crtbegin.o

.rodata         0x08006084      0x238
                0x08006084                        . = ALIGN (0x4)
 *(.rodata)
 .rodata        0x08006084      0x200 ./Core/Src/main.o
 *(.rodata*)
 .rodata.STREAM_OFFSET_TAB
                0x08006284        0x8 ./Core/Src/main.o
 .rodata.STREAM_OFFSET_TAB
                0x0800628c        0x8 ./Core/Src/stm32f4xx_it.o
 .rodata.AHBPrescTable
                0x08006294       0x10 ./Core/Src/system_stm32f4xx.o
                0x08006294                AHBPrescTable
 .rodata.APBPrescTable
                0x080062a4        0x8 ./Core/Src/system_stm32f4xx.o
                0x080062a4                APBPrescTable
 .rodata.STREAM_OFFSET_TAB
                0x080062ac        0x8 ./Core/Src/usart.o
 .rodata.flagBitshiftOffset.0
                0x080062b4        0x8 ./Drivers/STM32F4xx_HAL_Driver/Src/stm32f4xx_hal_dma.o
                0x080062bc                        . = ALIGN (0x4)

.ARM.extab      0x080062bc        0x0
                0x080062bc                        . = ALIGN (0x4)
 *(.ARM.extab* .gnu.linkonce.armextab.*)
                0x080062bc                        . = ALIGN (0x4)

.ARM            0x080062bc        0x8
                0x080062bc                        . = ALIGN (0x4)
                0x080062bc                        __exidx_start = .
 *(.ARM.exidx*)
 .ARM.exidx     0x080062bc        0x8 C:/ST/STM32CubeIDE_1.16.1/STM32CubeIDE/plugins/com.st.stm32cube.ide.mcu.externaltools.gnu-tools-for-stm32.12.3.rel1.win32_1.0.200.202406191623/tools/bin/../lib/gcc/arm-none-eabi/12.3.1/thumb/v7e-m+fp/hard\libgcc.a(_udivmoddi4.o)
                0x080062c4                        __exidx_end = .
                0x080062c4                        . = ALIGN (0x4)

.preinit_array  0x080062c4        0x0
                0x080062c4                        . = ALIGN (0x4)
                0x080062c4                        PROVIDE (__preinit_array_start = .)
 *(.preinit_array*)
                0x080062c4                        PROVIDE (__preinit_array_end = .)
                0x080062c4                        . = ALIGN (0x4)

.init_array     0x080062c4        0x4
                0x080062c4                        . = ALIGN (0x4)
                0x080062c4                        PROVIDE (__init_array_start = .)
 *(SORT_BY_NAME(.init_array.*))
 *(.init_array*)
 .init_array    0x080062c4        0x4 C:/ST/STM32CubeIDE_1.16.1/STM32CubeIDE/plugins/com.st.stm32cube.ide.mcu.externaltools.gnu-tools-for-stm32.12.3.rel1.win32_1.0.200.202406191623/tools/bin/../lib/gcc/arm-none-eabi/12.3.1/thumb/v7e-m+fp/hard/crtbegin.o
                0x080062c8                        PROVIDE (__init_array_end = .)
                0x080062c8                        . = ALIGN (0x4)

.fini_array     0x080062c8        0x4
                0x080062c8                        . = ALIGN (0x4)
                [!provide]                        PROVIDE (__fini_array_start = .)
 *(SORT_BY_NAME(.fini_array.*))
 *(.fini_array*)
 .fini_array    0x080062c8        0x4 C:/ST/STM32CubeIDE_1.16.1/STM32CubeIDE/plugins/com.st.stm32cube.ide.mcu.externaltools.gnu-tools-for-stm32.12.3.rel1.win32_1.0.200.202406191623/tools/bin/../lib/gcc/arm-none-eabi/12.3.1/thumb/v7e-m+fp/hard/crtbegin.o
                [!provide]                        PROVIDE (__fini_array_end = .)
                0x080062cc                        . = ALIGN (0x4)
                0x080062cc                        _sidata = LOADADDR (.data)

.rel.dyn        0x080062cc        0x0
 .rel.iplt      0x080062cc        0x0 C:/ST/STM32CubeIDE_1.16.1/STM32CubeIDE/plugins/com.st.stm32cube.ide.mcu.externaltools.gnu-tools-for-stm32.12.3.rel1.win32_1.0.200.202406191623/tools/bin/../lib/gcc/arm-none-eabi/12.3.1/thumb/v7e-m+fp/hard/crtbegin.o

.data           0x20000000        0xc load address 0x080062cc
                0x20000000                        . = ALIGN (0x4)
                0x20000000                        _sdata = .
 *(.data)
 *(.data*)
 .data.SystemCoreClock
                0x20000000        0x4 ./Core/Src/system_stm32f4xx.o
                0x20000000                SystemCoreClock
 .data.uwTickPrio
                0x20000004        0x4 ./Drivers/STM32F4xx_HAL_Driver/Src/stm32f4xx_hal.o
                0x20000004                uwTickPrio
 .data.uwTickFreq
                0x20000008        0x1 ./Drivers/STM32F4xx_HAL_Driver/Src/stm32f4xx_hal.o
                0x20000008                uwTickFreq
 *(.RamFunc)
 *(.RamFunc*)
                0x2000000c                        . = ALIGN (0x4)
 *fill*         0x20000009        0x3 
                0x2000000c                        _edata = .

.igot.plt       0x2000000c        0x0 load address 0x080062d8
 .igot.plt      0x2000000c        0x0 C:/ST/STM32CubeIDE_1.16.1/STM32CubeIDE/plugins/com.st.stm32cube.ide.mcu.externaltools.gnu-tools-for-stm32.12.3.rel1.win32_1.0.200.202406191623/tools/bin/../lib/gcc/arm-none-eabi/12.3.1/thumb/v7e-m+fp/hard/crtbegin.o
                0x2000000c                        . = ALIGN (0x4)

.bss            0x2000000c      0x28c load address 0x080062d8
                0x2000000c                        _sbss = .
                0x2000000c                        __bss_start__ = _sbss
 *(.bss)
 .bss           0x2000000c       0x1c C:/ST/STM32CubeIDE_1.16.1/STM32CubeIDE/plugins/com.st.stm32cube.ide.mcu.externaltools.gnu-tools-for-stm32.12.3.rel1.win32_1.0.200.202406191623/tools/bin/../lib/gcc/arm-none-eabi/12.3.1/thumb/v7e-m+fp/hard/crtbegin.o
 *(.bss*)
 .bss.hadc1     0x20000028       0x48 ./Core/Src/adc.o
                0x20000028                hadc1
 .bss.hdma_adc1
                0x20000070       0x60 ./Core/Src/adc.o
                0x20000070                hdma_adc1
 .bss.adc1_buffer
                0x200000d0        0xc ./Core/Src/main.o
                0x200000d0                adc1_buffer
 .bss.adc1_buffer_for6
                0x200000dc       0x48 ./Core/Src/main.o
                0x200000dc                adc1_buffer_for6
 .bss.adc_filter_index
                0x20000124        0x1 ./Core/Src/main.o
                0x20000124                adc_filter_index
 *fill*         0x20000125        0x3 
 .bss.adc_filter_sum
                0x20000128        0x4 ./Core/Src/main.o
                0x20000128                adc_filter_sum
 .bss.filtered_buffer
                0x2000012c        0xc ./Core/Src/main.o
                0x2000012c                filtered_buffer
 .bss.send_psd_flag
                0x20000138        0x1 ./Core/Src/main.o
                0x20000138                send_psd_flag
 *fill*         0x20000139        0x3 
 .bss.PCrxBuffer
                0x2000013c      0x100 ./Core/Src/main.o
                0x2000013c                PCrxBuffer
 .bss.velocity_0
                0x2000023c        0x4 ./Core/Src/main.o
                0x2000023c                velocity_0
 .bss.velocity_1
                0x20000240        0x4 ./Core/Src/main.o
                0x20000240                velocity_1
 .bss.linear_vel
                0x20000244        0x4 ./Core/Src/stm32f4xx_it.o
                0x20000244                linear_vel
 .bss.angular_vel
                0x20000248        0x4 ./Core/Src/stm32f4xx_it.o
                0x20000248                angular_vel
 .bss.htim8     0x2000024c       0x48 ./Core/Src/tim.o
                0x2000024c                htim8
 .bss.uwTick    0x20000294        0x4 ./Drivers/STM32F4xx_HAL_Driver/Src/stm32f4xx_hal.o
                0x20000294                uwTick
 *(COMMON)
                0x20000298                        . = ALIGN (0x4)
                0x20000298                        _ebss = .
                0x20000298                        __bss_end__ = _ebss

._user_heap_stack
                0x20000298      0x600 load address 0x080062d8
                0x20000298                        . = ALIGN (0x8)
                [!provide]                        PROVIDE (end = .)
                0x20000298                        PROVIDE (_end = .)
                0x20000498                        . = (. + _Min_Heap_Size)
 *fill*         0x20000298      0x200 
                0x20000898                        . = (. + _Min_Stack_Size)
 *fill*         0x20000498      0x400 
                0x20000898                        . = ALIGN (0x8)

/DISCARD/
 libc.a(*)
 libm.a(*)
 libgcc.a(*)

.ARM.attributes
                0x00000000       0x30
 *(.ARM.attributes)
 .ARM.attributes
                0x00000000       0x22 C:/ST/STM32CubeIDE_1.16.1/STM32CubeIDE/plugins/com.st.stm32cube.ide.mcu.externaltools.gnu-tools-for-stm32.12.3.rel1.win32_1.0.200.202406191623/tools/bin/../lib/gcc/arm-none-eabi/12.3.1/thumb/v7e-m+fp/hard/crti.o
 .ARM.attributes
                0x00000022       0x34 C:/ST/STM32CubeIDE_1.16.1/STM32CubeIDE/plugins/com.st.stm32cube.ide.mcu.externaltools.gnu-tools-for-stm32.12.3.rel1.win32_1.0.200.202406191623/tools/bin/../lib/gcc/arm-none-eabi/12.3.1/thumb/v7e-m+fp/hard/crtbegin.o
 .ARM.attributes
                0x00000056       0x34 ./Core/Src/adc.o
 .ARM.attributes
                0x0000008a       0x34 ./Core/Src/dma.o
 .ARM.attributes
                0x000000be       0x34 ./Core/Src/gpio.o
 .ARM.attributes
                0x000000f2       0x34 ./Core/Src/main.o
 .ARM.attributes
                0x00000126       0x34 ./Core/Src/stm32f4xx_hal_msp.o
 .ARM.attributes
                0x0000015a       0x34 ./Core/Src/stm32f4xx_it.o
 .ARM.attributes
                0x0000018e       0x34 ./Core/Src/system_stm32f4xx.o
 .ARM.attributes
                0x000001c2       0x34 ./Core/Src/tim.o
 .ARM.attributes
                0x000001f6       0x34 ./Core/Src/usart.o
 .ARM.attributes
                0x0000022a       0x21 ./Core/Startup/startup_stm32f446retx.o
 .ARM.attributes
                0x0000024b       0x34 ./Drivers/STM32F4xx_HAL_Driver/Src/stm32f4xx_hal.o
 .ARM.attributes
                0x0000027f       0x34 ./Drivers/STM32F4xx_HAL_Driver/Src/stm32f4xx_hal_adc.o
 .ARM.attributes
                0x000002b3       0x34 ./Drivers/STM32F4xx_HAL_Driver/Src/stm32f4xx_hal_adc_ex.o
 .ARM.attributes
                0x000002e7       0x34 ./Drivers/STM32F4xx_HAL_Driver/Src/stm32f4xx_hal_cortex.o
 .ARM.attributes
                0x0000031b       0x34 ./Drivers/STM32F4xx_HAL_Driver/Src/stm32f4xx_hal_dma.o
 .ARM.attributes
                0x0000034f       0x34 ./Drivers/STM32F4xx_HAL_Driver/Src/stm32f4xx_hal_gpio.o
 .ARM.attributes
                0x00000383       0x34 ./Drivers/STM32F4xx_HAL_Driver/Src/stm32f4xx_hal_pwr_ex.o
 .ARM.attributes
                0x000003b7       0x34 ./Drivers/STM32F4xx_HAL_Driver/Src/stm32f4xx_hal_rcc.o
 .ARM.attributes
                0x000003eb       0x34 ./Drivers/STM32F4xx_HAL_Driver/Src/stm32f4xx_hal_rcc_ex.o
 .ARM.attributes
                0x0000041f       0x34 ./Drivers/STM32F4xx_HAL_Driver/Src/stm32f4xx_hal_tim.o
 .ARM.attributes
                0x00000453       0x34 ./Drivers/STM32F4xx_HAL_Driver/Src/stm32f4xx_hal_tim_ex.o
 .ARM.attributes
                0x00000487       0x34 ./Drivers/STM32F4xx_HAL_Driver/Src/stm32f4xx_ll_gpio.o
 .ARM.attributes
                0x000004bb       0x34 ./Drivers/STM32F4xx_HAL_Driver/Src/stm32f4xx_ll_rcc.o
 .ARM.attributes
                0x000004ef       0x34 ./Drivers/STM32F4xx_HAL_Driver/Src/stm32f4xx_ll_usart.o
 .ARM.attributes
                0x00000523       0x34 C:/ST/STM32CubeIDE_1.16.1/STM32CubeIDE/plugins/com.st.stm32cube.ide.mcu.externaltools.gnu-tools-for-stm32.12.3.rel1.win32_1.0.200.202406191623/tools/bin/../lib/gcc/arm-none-eabi/12.3.1/../../../../arm-none-eabi/lib/thumb/v7e-m+fp/hard\libc_nano.a(libc_a-memset.o)
 .ARM.attributes
                0x00000557       0x34 C:/ST/STM32CubeIDE_1.16.1/STM32CubeIDE/plugins/com.st.stm32cube.ide.mcu.externaltools.gnu-tools-for-stm32.12.3.rel1.win32_1.0.200.202406191623/tools/bin/../lib/gcc/arm-none-eabi/12.3.1/../../../../arm-none-eabi/lib/thumb/v7e-m+fp/hard\libc_nano.a(libc_a-init.o)
 .ARM.attributes
                0x0000058b       0x34 C:/ST/STM32CubeIDE_1.16.1/STM32CubeIDE/plugins/com.st.stm32cube.ide.mcu.externaltools.gnu-tools-for-stm32.12.3.rel1.win32_1.0.200.202406191623/tools/bin/../lib/gcc/arm-none-eabi/12.3.1/../../../../arm-none-eabi/lib/thumb/v7e-m+fp/hard\libc_nano.a(libc_a-memcpy-stub.o)
 .ARM.attributes
                0x000005bf       0x22 C:/ST/STM32CubeIDE_1.16.1/STM32CubeIDE/plugins/com.st.stm32cube.ide.mcu.externaltools.gnu-tools-for-stm32.12.3.rel1.win32_1.0.200.202406191623/tools/bin/../lib/gcc/arm-none-eabi/12.3.1/thumb/v7e-m+fp/hard\libgcc.a(_arm_muldf3.o)
 .ARM.attributes
                0x000005e1       0x22 C:/ST/STM32CubeIDE_1.16.1/STM32CubeIDE/plugins/com.st.stm32cube.ide.mcu.externaltools.gnu-tools-for-stm32.12.3.rel1.win32_1.0.200.202406191623/tools/bin/../lib/gcc/arm-none-eabi/12.3.1/thumb/v7e-m+fp/hard\libgcc.a(_arm_addsubdf3.o)
 .ARM.attributes
                0x00000603       0x22 C:/ST/STM32CubeIDE_1.16.1/STM32CubeIDE/plugins/com.st.stm32cube.ide.mcu.externaltools.gnu-tools-for-stm32.12.3.rel1.win32_1.0.200.202406191623/tools/bin/../lib/gcc/arm-none-eabi/12.3.1/thumb/v7e-m+fp/hard\libgcc.a(_arm_truncdfsf2.o)
 .ARM.attributes
                0x00000625       0x22 C:/ST/STM32CubeIDE_1.16.1/STM32CubeIDE/plugins/com.st.stm32cube.ide.mcu.externaltools.gnu-tools-for-stm32.12.3.rel1.win32_1.0.200.202406191623/tools/bin/../lib/gcc/arm-none-eabi/12.3.1/thumb/v7e-m+fp/hard\libgcc.a(_aeabi_uldivmod.o)
 .ARM.attributes
                0x00000647       0x34 C:/ST/STM32CubeIDE_1.16.1/STM32CubeIDE/plugins/com.st.stm32cube.ide.mcu.externaltools.gnu-tools-for-stm32.12.3.rel1.win32_1.0.200.202406191623/tools/bin/../lib/gcc/arm-none-eabi/12.3.1/thumb/v7e-m+fp/hard\libgcc.a(_udivmoddi4.o)
 .ARM.attributes
                0x0000067b       0x22 C:/ST/STM32CubeIDE_1.16.1/STM32CubeIDE/plugins/com.st.stm32cube.ide.mcu.externaltools.gnu-tools-for-stm32.12.3.rel1.win32_1.0.200.202406191623/tools/bin/../lib/gcc/arm-none-eabi/12.3.1/thumb/v7e-m+fp/hard\libgcc.a(_dvmd_tls.o)
 .ARM.attributes
                0x0000069d       0x22 C:/ST/STM32CubeIDE_1.16.1/STM32CubeIDE/plugins/com.st.stm32cube.ide.mcu.externaltools.gnu-tools-for-stm32.12.3.rel1.win32_1.0.200.202406191623/tools/bin/../lib/gcc/arm-none-eabi/12.3.1/thumb/v7e-m+fp/hard/crtn.o
OUTPUT(demo_jetsonnano.elf elf32-littlearm)
LOAD linker stubs
LOAD C:/ST/STM32CubeIDE_1.16.1/STM32CubeIDE/plugins/com.st.stm32cube.ide.mcu.externaltools.gnu-tools-for-stm32.12.3.rel1.win32_1.0.200.202406191623/tools/bin/../lib/gcc/arm-none-eabi/12.3.1/../../../../arm-none-eabi/lib/thumb/v7e-m+fp/hard\libc.a
LOAD C:/ST/STM32CubeIDE_1.16.1/STM32CubeIDE/plugins/com.st.stm32cube.ide.mcu.externaltools.gnu-tools-for-stm32.12.3.rel1.win32_1.0.200.202406191623/tools/bin/../lib/gcc/arm-none-eabi/12.3.1/../../../../arm-none-eabi/lib/thumb/v7e-m+fp/hard\libm.a
LOAD C:/ST/STM32CubeIDE_1.16.1/STM32CubeIDE/plugins/com.st.stm32cube.ide.mcu.externaltools.gnu-tools-for-stm32.12.3.rel1.win32_1.0.200.202406191623/tools/bin/../lib/gcc/arm-none-eabi/12.3.1/thumb/v7e-m+fp/hard\libgcc.a

.debug_info     0x00000000    0x116f3
 .debug_info    0x00000000      0xcdd ./Core/Src/adc.o
 .debug_info    0x00000cdd      0x97a ./Core/Src/dma.o
 .debug_info    0x00001657      0x4a1 ./Core/Src/gpio.o
 .debug_info    0x00001af8     0x15cf ./Core/Src/main.o
 .debug_info    0x000030c7      0x2e1 ./Core/Src/stm32f4xx_hal_msp.o
 .debug_info    0x000033a8      0xdfa ./Core/Src/stm32f4xx_it.o
 .debug_info    0x000041a2      0x54a ./Core/Src/system_stm32f4xx.o
 .debug_info    0x000046ec      0xca0 ./Core/Src/tim.o
 .debug_info    0x0000538c      0xfef ./Core/Src/usart.o
 .debug_info    0x0000637b       0x30 ./Core/Startup/startup_stm32f446retx.o
 .debug_info    0x000063ab      0x99a ./Drivers/STM32F4xx_HAL_Driver/Src/stm32f4xx_hal.o
 .debug_info    0x00006d45      0xcd4 ./Drivers/STM32F4xx_HAL_Driver/Src/stm32f4xx_hal_adc.o
 .debug_info    0x00007a19      0xb59 ./Drivers/STM32F4xx_HAL_Driver/Src/stm32f4xx_hal_adc_ex.o
 .debug_info    0x00008572      0xdaa ./Drivers/STM32F4xx_HAL_Driver/Src/stm32f4xx_hal_cortex.o
 .debug_info    0x0000931c      0x8e7 ./Drivers/STM32F4xx_HAL_Driver/Src/stm32f4xx_hal_dma.o
 .debug_info    0x00009c03      0x70b ./Drivers/STM32F4xx_HAL_Driver/Src/stm32f4xx_hal_gpio.o
 .debug_info    0x0000a30e      0x6da ./Drivers/STM32F4xx_HAL_Driver/Src/stm32f4xx_hal_pwr_ex.o
 .debug_info    0x0000a9e8      0x8eb ./Drivers/STM32F4xx_HAL_Driver/Src/stm32f4xx_hal_rcc.o
 .debug_info    0x0000b2d3      0x956 ./Drivers/STM32F4xx_HAL_Driver/Src/stm32f4xx_hal_rcc_ex.o
 .debug_info    0x0000bc29     0x299d ./Drivers/STM32F4xx_HAL_Driver/Src/stm32f4xx_hal_tim.o
 .debug_info    0x0000e5c6     0x14db ./Drivers/STM32F4xx_HAL_Driver/Src/stm32f4xx_hal_tim_ex.o
 .debug_info    0x0000faa1      0x957 ./Drivers/STM32F4xx_HAL_Driver/Src/stm32f4xx_ll_gpio.o
 .debug_info    0x000103f8      0xbd9 ./Drivers/STM32F4xx_HAL_Driver/Src/stm32f4xx_ll_rcc.o
 .debug_info    0x00010fd1      0x722 ./Drivers/STM32F4xx_HAL_Driver/Src/stm32f4xx_ll_usart.o

.debug_abbrev   0x00000000     0x3191
 .debug_abbrev  0x00000000      0x229 ./Core/Src/adc.o
 .debug_abbrev  0x00000229      0x1cf ./Core/Src/dma.o
 .debug_abbrev  0x000003f8      0x157 ./Core/Src/gpio.o
 .debug_abbrev  0x0000054f      0x3b9 ./Core/Src/main.o
 .debug_abbrev  0x00000908       0xdd ./Core/Src/stm32f4xx_hal_msp.o
 .debug_abbrev  0x000009e5      0x2b1 ./Core/Src/stm32f4xx_it.o
 .debug_abbrev  0x00000c96      0x11a ./Core/Src/system_stm32f4xx.o
 .debug_abbrev  0x00000db0      0x1f6 ./Core/Src/tim.o
 .debug_abbrev  0x00000fa6      0x1f9 ./Core/Src/usart.o
 .debug_abbrev  0x0000119f       0x24 ./Core/Startup/startup_stm32f446retx.o
 .debug_abbrev  0x000011c3      0x214 ./Drivers/STM32F4xx_HAL_Driver/Src/stm32f4xx_hal.o
 .debug_abbrev  0x000013d7      0x252 ./Drivers/STM32F4xx_HAL_Driver/Src/stm32f4xx_hal_adc.o
 .debug_abbrev  0x00001629      0x270 ./Drivers/STM32F4xx_HAL_Driver/Src/stm32f4xx_hal_adc_ex.o
 .debug_abbrev  0x00001899      0x31d ./Drivers/STM32F4xx_HAL_Driver/Src/stm32f4xx_hal_cortex.o
 .debug_abbrev  0x00001bb6      0x264 ./Drivers/STM32F4xx_HAL_Driver/Src/stm32f4xx_hal_dma.o
 .debug_abbrev  0x00001e1a      0x1d4 ./Drivers/STM32F4xx_HAL_Driver/Src/stm32f4xx_hal_gpio.o
 .debug_abbrev  0x00001fee      0x1cf ./Drivers/STM32F4xx_HAL_Driver/Src/stm32f4xx_hal_pwr_ex.o
 .debug_abbrev  0x000021bd      0x2b7 ./Drivers/STM32F4xx_HAL_Driver/Src/stm32f4xx_hal_rcc.o
 .debug_abbrev  0x00002474      0x20a ./Drivers/STM32F4xx_HAL_Driver/Src/stm32f4xx_hal_rcc_ex.o
 .debug_abbrev  0x0000267e      0x278 ./Drivers/STM32F4xx_HAL_Driver/Src/stm32f4xx_hal_tim.o
 .debug_abbrev  0x000028f6      0x283 ./Drivers/STM32F4xx_HAL_Driver/Src/stm32f4xx_hal_tim_ex.o
 .debug_abbrev  0x00002b79      0x237 ./Drivers/STM32F4xx_HAL_Driver/Src/stm32f4xx_ll_gpio.o
 .debug_abbrev  0x00002db0      0x1ef ./Drivers/STM32F4xx_HAL_Driver/Src/stm32f4xx_ll_rcc.o
 .debug_abbrev  0x00002f9f      0x1f2 ./Drivers/STM32F4xx_HAL_Driver/Src/stm32f4xx_ll_usart.o

.debug_aranges  0x00000000     0x1198
 .debug_aranges
                0x00000000       0x30 ./Core/Src/adc.o
 .debug_aranges
                0x00000030       0x40 ./Core/Src/dma.o
 .debug_aranges
                0x00000070       0x20 ./Core/Src/gpio.o
 .debug_aranges
                0x00000090       0xb8 ./Core/Src/main.o
 .debug_aranges
                0x00000148       0x20 ./Core/Src/stm32f4xx_hal_msp.o
 .debug_aranges
                0x00000168       0xe8 ./Core/Src/stm32f4xx_it.o
 .debug_aranges
                0x00000250       0x28 ./Core/Src/system_stm32f4xx.o
 .debug_aranges
                0x00000278       0x30 ./Core/Src/tim.o
 .debug_aranges
                0x000002a8       0xb8 ./Core/Src/usart.o
 .debug_aranges
                0x00000360       0x28 ./Core/Startup/startup_stm32f446retx.o
 .debug_aranges
                0x00000388       0xf0 ./Drivers/STM32F4xx_HAL_Driver/Src/stm32f4xx_hal.o
 .debug_aranges
                0x00000478       0xe8 ./Drivers/STM32F4xx_HAL_Driver/Src/stm32f4xx_hal_adc.o
 .debug_aranges
                0x00000560       0x90 ./Drivers/STM32F4xx_HAL_Driver/Src/stm32f4xx_hal_adc_ex.o
 .debug_aranges
                0x000005f0      0x130 ./Drivers/STM32F4xx_HAL_Driver/Src/stm32f4xx_hal_cortex.o
 .debug_aranges
                0x00000720       0x90 ./Drivers/STM32F4xx_HAL_Driver/Src/stm32f4xx_hal_dma.o
 .debug_aranges
                0x000007b0       0x58 ./Drivers/STM32F4xx_HAL_Driver/Src/stm32f4xx_hal_gpio.o
 .debug_aranges
                0x00000808       0x60 ./Drivers/STM32F4xx_HAL_Driver/Src/stm32f4xx_hal_pwr_ex.o
 .debug_aranges
                0x00000868       0x88 ./Drivers/STM32F4xx_HAL_Driver/Src/stm32f4xx_hal_rcc.o
 .debug_aranges
                0x000008f0       0x78 ./Drivers/STM32F4xx_HAL_Driver/Src/stm32f4xx_hal_rcc_ex.o
 .debug_aranges
                0x00000968      0x3d0 ./Drivers/STM32F4xx_HAL_Driver/Src/stm32f4xx_hal_tim.o
 .debug_aranges
                0x00000d38      0x168 ./Drivers/STM32F4xx_HAL_Driver/Src/stm32f4xx_hal_tim_ex.o
 .debug_aranges
                0x00000ea0       0x70 ./Drivers/STM32F4xx_HAL_Driver/Src/stm32f4xx_ll_gpio.o
 .debug_aranges
                0x00000f10      0x200 ./Drivers/STM32F4xx_HAL_Driver/Src/stm32f4xx_ll_rcc.o
 .debug_aranges
                0x00001110       0x88 ./Drivers/STM32F4xx_HAL_Driver/Src/stm32f4xx_ll_usart.o

.debug_rnglists
                0x00000000      0xd69
 .debug_rnglists
                0x00000000       0x21 ./Core/Src/adc.o
 .debug_rnglists
                0x00000021       0x2c ./Core/Src/dma.o
 .debug_rnglists
                0x0000004d       0x14 ./Core/Src/gpio.o
 .debug_rnglists
                0x00000061       0x8e ./Core/Src/main.o
 .debug_rnglists
                0x000000ef       0x13 ./Core/Src/stm32f4xx_hal_msp.o
 .debug_rnglists
                0x00000102       0xaa ./Core/Src/stm32f4xx_it.o
 .debug_rnglists
                0x000001ac       0x1a ./Core/Src/system_stm32f4xx.o
 .debug_rnglists
                0x000001c6       0x20 ./Core/Src/tim.o
 .debug_rnglists
                0x000001e6       0x87 ./Core/Src/usart.o
 .debug_rnglists
                0x0000026d       0x19 ./Core/Startup/startup_stm32f446retx.o
 .debug_rnglists
                0x00000286       0xaf ./Drivers/STM32F4xx_HAL_Driver/Src/stm32f4xx_hal.o
 .debug_rnglists
                0x00000335       0xb5 ./Drivers/STM32F4xx_HAL_Driver/Src/stm32f4xx_hal_adc.o
 .debug_rnglists
                0x000003ea       0x71 ./Drivers/STM32F4xx_HAL_Driver/Src/stm32f4xx_hal_adc_ex.o
 .debug_rnglists
                0x0000045b       0xe0 ./Drivers/STM32F4xx_HAL_Driver/Src/stm32f4xx_hal_cortex.o
 .debug_rnglists
                0x0000053b       0x70 ./Drivers/STM32F4xx_HAL_Driver/Src/stm32f4xx_hal_dma.o
 .debug_rnglists
                0x000005ab       0x3f ./Drivers/STM32F4xx_HAL_Driver/Src/stm32f4xx_hal_gpio.o
 .debug_rnglists
                0x000005ea       0x47 ./Drivers/STM32F4xx_HAL_Driver/Src/stm32f4xx_hal_pwr_ex.o
 .debug_rnglists
                0x00000631       0x66 ./Drivers/STM32F4xx_HAL_Driver/Src/stm32f4xx_hal_rcc.o
 .debug_rnglists
                0x00000697       0x5e ./Drivers/STM32F4xx_HAL_Driver/Src/stm32f4xx_hal_rcc_ex.o
 .debug_rnglists
                0x000006f5      0x31a ./Drivers/STM32F4xx_HAL_Driver/Src/stm32f4xx_hal_tim.o
 .debug_rnglists
                0x00000a0f      0x125 ./Drivers/STM32F4xx_HAL_Driver/Src/stm32f4xx_hal_tim_ex.o
 .debug_rnglists
                0x00000b34       0x51 ./Drivers/STM32F4xx_HAL_Driver/Src/stm32f4xx_ll_gpio.o
 .debug_rnglists
                0x00000b85      0x180 ./Drivers/STM32F4xx_HAL_Driver/Src/stm32f4xx_ll_rcc.o
 .debug_rnglists
                0x00000d05       0x64 ./Drivers/STM32F4xx_HAL_Driver/Src/stm32f4xx_ll_usart.o

.debug_macro    0x00000000    0x26332
 .debug_macro   0x00000000      0x25a ./Core/Src/adc.o
 .debug_macro   0x0000025a      0xaba ./Core/Src/adc.o
 .debug_macro   0x00000d14      0x29b ./Core/Src/adc.o
 .debug_macro   0x00000faf       0x2e ./Core/Src/adc.o
 .debug_macro   0x00000fdd       0x28 ./Core/Src/adc.o
 .debug_macro   0x00001005       0x22 ./Core/Src/adc.o
 .debug_macro   0x00001027       0x8e ./Core/Src/adc.o
 .debug_macro   0x000010b5       0x51 ./Core/Src/adc.o
 .debug_macro   0x00001106      0x103 ./Core/Src/adc.o
 .debug_macro   0x00001209       0x6a ./Core/Src/adc.o
 .debug_macro   0x00001273      0x1df ./Core/Src/adc.o
 .debug_macro   0x00001452       0x1c ./Core/Src/adc.o
 .debug_macro   0x0000146e       0x22 ./Core/Src/adc.o
 .debug_macro   0x00001490       0xfb ./Core/Src/adc.o
 .debug_macro   0x0000158b     0x1011 ./Core/Src/adc.o
 .debug_macro   0x0000259c      0x11f ./Core/Src/adc.o
 .debug_macro   0x000026bb    0x16749 ./Core/Src/adc.o
 .debug_macro   0x00018e04       0x6d ./Core/Src/adc.o
 .debug_macro   0x00018e71     0x369a ./Core/Src/adc.o
 .debug_macro   0x0001c50b      0x189 ./Core/Src/adc.o
 .debug_macro   0x0001c694       0x5c ./Core/Src/adc.o
 .debug_macro   0x0001c6f0      0xca5 ./Core/Src/adc.o
 .debug_macro   0x0001d395      0x9e9 ./Core/Src/adc.o
 .debug_macro   0x0001dd7e      0x115 ./Core/Src/adc.o
 .debug_macro   0x0001de93      0x1a0 ./Core/Src/adc.o
 .debug_macro   0x0001e033       0xa5 ./Core/Src/adc.o
 .debug_macro   0x0001e0d8      0x16d ./Core/Src/adc.o
 .debug_macro   0x0001e245      0x287 ./Core/Src/adc.o
 .debug_macro   0x0001e4cc       0x5f ./Core/Src/adc.o
 .debug_macro   0x0001e52b      0x236 ./Core/Src/adc.o
 .debug_macro   0x0001e761      0xb5b ./Core/Src/adc.o
 .debug_macro   0x0001f2bc      0x38b ./Core/Src/adc.o
 .debug_macro   0x0001f647      0x17d ./Core/Src/adc.o
 .debug_macro   0x0001f7c4       0xf9 ./Core/Src/adc.o
 .debug_macro   0x0001f8bd      0x132 ./Core/Src/adc.o
 .debug_macro   0x0001f9ef      0x29c ./Core/Src/adc.o
 .debug_macro   0x0001fc8b       0x2e ./Core/Src/adc.o
 .debug_macro   0x0001fcb9      0x127 ./Core/Src/adc.o
 .debug_macro   0x0001fde0       0xe8 ./Core/Src/adc.o
 .debug_macro   0x0001fec8       0x89 ./Core/Src/adc.o
 .debug_macro   0x0001ff51      0x8ed ./Core/Src/adc.o
 .debug_macro   0x0002083e       0x53 ./Core/Src/adc.o
 .debug_macro   0x00020891      0x126 ./Core/Src/adc.o
 .debug_macro   0x000209b7      0x1bb ./Core/Src/adc.o
 .debug_macro   0x00020b72      0xd69 ./Core/Src/adc.o
 .debug_macro   0x000218db      0x1db ./Core/Src/adc.o
 .debug_macro   0x00021ab6      0x1a6 ./Core/Src/adc.o
 .debug_macro   0x00021c5c      0x21c ./Core/Src/adc.o
 .debug_macro   0x00021e78       0x61 ./Core/Src/adc.o
 .debug_macro   0x00021ed9       0xd5 ./Core/Src/adc.o
 .debug_macro   0x00021fae      0x149 ./Core/Src/adc.o
 .debug_macro   0x000220f7      0x1e6 ./Core/Src/adc.o
 .debug_macro   0x000222dd       0xe8 ./Core/Src/adc.o
 .debug_macro   0x000223c5      0x25a ./Core/Src/dma.o
 .debug_macro   0x0002261f      0x25a ./Core/Src/gpio.o
 .debug_macro   0x00022879      0x28c ./Core/Src/main.o
 .debug_macro   0x00022b05      0x250 ./Core/Src/stm32f4xx_hal_msp.o
 .debug_macro   0x00022d55      0x260 ./Core/Src/stm32f4xx_it.o
 .debug_macro   0x00022fb5      0x1ec ./Core/Src/system_stm32f4xx.o
 .debug_macro   0x000231a1      0x25a ./Core/Src/tim.o
 .debug_macro   0x000233fb      0x25a ./Core/Src/usart.o
 .debug_macro   0x00023655      0x24c ./Drivers/STM32F4xx_HAL_Driver/Src/stm32f4xx_hal.o
 .debug_macro   0x000238a1      0x1ed ./Drivers/STM32F4xx_HAL_Driver/Src/stm32f4xx_hal_adc.o
 .debug_macro   0x00023a8e      0x1ec ./Drivers/STM32F4xx_HAL_Driver/Src/stm32f4xx_hal_adc_ex.o
 .debug_macro   0x00023c7a      0x1ec ./Drivers/STM32F4xx_HAL_Driver/Src/stm32f4xx_hal_cortex.o
 .debug_macro   0x00023e66      0x1f2 ./Drivers/STM32F4xx_HAL_Driver/Src/stm32f4xx_hal_dma.o
 .debug_macro   0x00024058      0x1f2 ./Drivers/STM32F4xx_HAL_Driver/Src/stm32f4xx_hal_gpio.o
 .debug_macro   0x0002424a      0x204 ./Drivers/STM32F4xx_HAL_Driver/Src/stm32f4xx_hal_pwr_ex.o
 .debug_macro   0x0002444e      0x210 ./Drivers/STM32F4xx_HAL_Driver/Src/stm32f4xx_hal_rcc.o
 .debug_macro   0x0002465e      0x1ec ./Drivers/STM32F4xx_HAL_Driver/Src/stm32f4xx_hal_rcc_ex.o
 .debug_macro   0x0002484a      0x1ed ./Drivers/STM32F4xx_HAL_Driver/Src/stm32f4xx_hal_tim.o
 .debug_macro   0x00024a37      0x1ec ./Drivers/STM32F4xx_HAL_Driver/Src/stm32f4xx_hal_tim_ex.o
 .debug_macro   0x00024c23      0x22e ./Drivers/STM32F4xx_HAL_Driver/Src/stm32f4xx_ll_gpio.o
 .debug_macro   0x00024e51      0x143 ./Drivers/STM32F4xx_HAL_Driver/Src/stm32f4xx_ll_gpio.o
 .debug_macro   0x00024f94      0x22b ./Drivers/STM32F4xx_HAL_Driver/Src/stm32f4xx_ll_rcc.o
 .debug_macro   0x000251bf      0xd63 ./Drivers/STM32F4xx_HAL_Driver/Src/stm32f4xx_ll_rcc.o
 .debug_macro   0x00025f22      0x25b ./Drivers/STM32F4xx_HAL_Driver/Src/stm32f4xx_ll_usart.o
 .debug_macro   0x0002617d      0x1b5 ./Drivers/STM32F4xx_HAL_Driver/Src/stm32f4xx_ll_usart.o

.debug_line     0x00000000    0x1546d
 .debug_line    0x00000000      0x92d ./Core/Src/adc.o
 .debug_line    0x0000092d      0x94e ./Core/Src/dma.o
 .debug_line    0x0000127b      0x876 ./Core/Src/gpio.o
 .debug_line    0x00001af1      0xe67 ./Core/Src/main.o
 .debug_line    0x00002958      0x866 ./Core/Src/stm32f4xx_hal_msp.o
 .debug_line    0x000031be      0xb5a ./Core/Src/stm32f4xx_it.o
 .debug_line    0x00003d18      0x802 ./Core/Src/system_stm32f4xx.o
 .debug_line    0x0000451a      0x8d4 ./Core/Src/tim.o
 .debug_line    0x00004dee      0xb7d ./Core/Src/usart.o
 .debug_line    0x0000596b       0x7a ./Core/Startup/startup_stm32f446retx.o
 .debug_line    0x000059e5      0xa6b ./Drivers/STM32F4xx_HAL_Driver/Src/stm32f4xx_hal.o
 .debug_line    0x00006450     0x12ff ./Drivers/STM32F4xx_HAL_Driver/Src/stm32f4xx_hal_adc.o
 .debug_line    0x0000774f      0xf69 ./Drivers/STM32F4xx_HAL_Driver/Src/stm32f4xx_hal_adc_ex.o
 .debug_line    0x000086b8      0xd5d ./Drivers/STM32F4xx_HAL_Driver/Src/stm32f4xx_hal_cortex.o
 .debug_line    0x00009415      0xfdb ./Drivers/STM32F4xx_HAL_Driver/Src/stm32f4xx_hal_dma.o
 .debug_line    0x0000a3f0      0xbe3 ./Drivers/STM32F4xx_HAL_Driver/Src/stm32f4xx_hal_gpio.o
 .debug_line    0x0000afd3      0x994 ./Drivers/STM32F4xx_HAL_Driver/Src/stm32f4xx_hal_pwr_ex.o
 .debug_line    0x0000b967      0xe02 ./Drivers/STM32F4xx_HAL_Driver/Src/stm32f4xx_hal_rcc.o
 .debug_line    0x0000c769     0x1472 ./Drivers/STM32F4xx_HAL_Driver/Src/stm32f4xx_hal_rcc_ex.o
 .debug_line    0x0000dbdb     0x380f ./Drivers/STM32F4xx_HAL_Driver/Src/stm32f4xx_hal_tim.o
 .debug_line    0x000113ea     0x1a61 ./Drivers/STM32F4xx_HAL_Driver/Src/stm32f4xx_hal_tim_ex.o
 .debug_line    0x00012e4b      0xac1 ./Drivers/STM32F4xx_HAL_Driver/Src/stm32f4xx_ll_gpio.o
 .debug_line    0x0001390c     0x1177 ./Drivers/STM32F4xx_HAL_Driver/Src/stm32f4xx_ll_rcc.o
 .debug_line    0x00014a83      0x9ea ./Drivers/STM32F4xx_HAL_Driver/Src/stm32f4xx_ll_usart.o

.debug_str      0x00000000    0xe9104
 .debug_str     0x00000000    0xe3e91 ./Core/Src/adc.o
                              0xe45d1 (size before relaxing)
 .debug_str     0x000e3e91      0x10f ./Core/Src/dma.o
                              0xe41a5 (size before relaxing)
 .debug_str     0x000e3fa0       0x68 ./Core/Src/gpio.o
                              0xe3bc4 (size before relaxing)
 .debug_str     0x000e4008      0x70b ./Core/Src/main.o
                              0xe471c (size before relaxing)
 .debug_str     0x000e4713       0x2c ./Core/Src/stm32f4xx_hal_msp.o
                              0xe3af9 (size before relaxing)
 .debug_str     0x000e473f      0x250 ./Core/Src/stm32f4xx_it.o
                              0xe43b9 (size before relaxing)
 .debug_str     0x000e498f       0x87 ./Core/Src/system_stm32f4xx.o
                              0xd3f30 (size before relaxing)
 .debug_str     0x000e4a16      0x12d ./Core/Src/tim.o
                              0xe470f (size before relaxing)
 .debug_str     0x000e4b43      0x213 ./Core/Src/usart.o
                              0xe44b6 (size before relaxing)
 .debug_str     0x000e4d56       0x44 ./Core/Startup/startup_stm32f446retx.o
                                 0x87 (size before relaxing)
 .debug_str     0x000e4d9a      0x612 ./Drivers/STM32F4xx_HAL_Driver/Src/stm32f4xx_hal.o
                              0xd4af5 (size before relaxing)
 .debug_str     0x000e53ac      0x295 ./Drivers/STM32F4xx_HAL_Driver/Src/stm32f4xx_hal_adc.o
                              0xd44f8 (size before relaxing)
 .debug_str     0x000e5641      0x2df ./Drivers/STM32F4xx_HAL_Driver/Src/stm32f4xx_hal_adc_ex.o
                              0xd454c (size before relaxing)
 .debug_str     0x000e5920      0x2d9 ./Drivers/STM32F4xx_HAL_Driver/Src/stm32f4xx_hal_cortex.o
                              0xd484c (size before relaxing)
 .debug_str     0x000e5bf9      0x2c5 ./Drivers/STM32F4xx_HAL_Driver/Src/stm32f4xx_hal_dma.o
                              0xd4325 (size before relaxing)
 .debug_str     0x000e5ebe      0x11b ./Drivers/STM32F4xx_HAL_Driver/Src/stm32f4xx_hal_gpio.o
                              0xd40ab (size before relaxing)
 .debug_str     0x000e5fd9      0x135 ./Drivers/STM32F4xx_HAL_Driver/Src/stm32f4xx_hal_pwr_ex.o
                              0xd4108 (size before relaxing)
 .debug_str     0x000e610e      0x233 ./Drivers/STM32F4xx_HAL_Driver/Src/stm32f4xx_hal_rcc.o
                              0xd4369 (size before relaxing)
 .debug_str     0x000e6341      0x312 ./Drivers/STM32F4xx_HAL_Driver/Src/stm32f4xx_hal_rcc_ex.o
                              0xd439c (size before relaxing)
 .debug_str     0x000e6653      0xdc2 ./Drivers/STM32F4xx_HAL_Driver/Src/stm32f4xx_hal_tim.o
                              0xd5295 (size before relaxing)
 .debug_str     0x000e7415      0x493 ./Drivers/STM32F4xx_HAL_Driver/Src/stm32f4xx_hal_tim_ex.o
                              0xd4aa1 (size before relaxing)
 .debug_str     0x000e78a8      0x65d ./Drivers/STM32F4xx_HAL_Driver/Src/stm32f4xx_ll_gpio.o
                              0xd5916 (size before relaxing)
 .debug_str     0x000e7f05      0x9e3 ./Drivers/STM32F4xx_HAL_Driver/Src/stm32f4xx_ll_rcc.o
                              0xde41f (size before relaxing)
 .debug_str     0x000e88e8      0x81c ./Drivers/STM32F4xx_HAL_Driver/Src/stm32f4xx_ll_usart.o
                              0xdfdb6 (size before relaxing)

.comment        0x00000000       0x43
 .comment       0x00000000       0x43 ./Core/Src/adc.o
                                 0x44 (size before relaxing)
 .comment       0x00000043       0x44 ./Core/Src/dma.o
 .comment       0x00000043       0x44 ./Core/Src/gpio.o
 .comment       0x00000043       0x44 ./Core/Src/main.o
 .comment       0x00000043       0x44 ./Core/Src/stm32f4xx_hal_msp.o
 .comment       0x00000043       0x44 ./Core/Src/stm32f4xx_it.o
 .comment       0x00000043       0x44 ./Core/Src/system_stm32f4xx.o
 .comment       0x00000043       0x44 ./Core/Src/tim.o
 .comment       0x00000043       0x44 ./Core/Src/usart.o
 .comment       0x00000043       0x44 ./Drivers/STM32F4xx_HAL_Driver/Src/stm32f4xx_hal.o
 .comment       0x00000043       0x44 ./Drivers/STM32F4xx_HAL_Driver/Src/stm32f4xx_hal_adc.o
 .comment       0x00000043       0x44 ./Drivers/STM32F4xx_HAL_Driver/Src/stm32f4xx_hal_adc_ex.o
 .comment       0x00000043       0x44 ./Drivers/STM32F4xx_HAL_Driver/Src/stm32f4xx_hal_cortex.o
 .comment       0x00000043       0x44 ./Drivers/STM32F4xx_HAL_Driver/Src/stm32f4xx_hal_dma.o
 .comment       0x00000043       0x44 ./Drivers/STM32F4xx_HAL_Driver/Src/stm32f4xx_hal_gpio.o
 .comment       0x00000043       0x44 ./Drivers/STM32F4xx_HAL_Driver/Src/stm32f4xx_hal_pwr_ex.o
 .comment       0x00000043       0x44 ./Drivers/STM32F4xx_HAL_Driver/Src/stm32f4xx_hal_rcc.o
 .comment       0x00000043       0x44 ./Drivers/STM32F4xx_HAL_Driver/Src/stm32f4xx_hal_rcc_ex.o
 .comment       0x00000043       0x44 ./Drivers/STM32F4xx_HAL_Driver/Src/stm32f4xx_hal_tim.o
 .comment       0x00000043       0x44 ./Drivers/STM32F4xx_HAL_Driver/Src/stm32f4xx_hal_tim_ex.o
 .comment       0x00000043       0x44 ./Drivers/STM32F4xx_HAL_Driver/Src/stm32f4xx_ll_gpio.o
 .comment       0x00000043       0x44 ./Drivers/STM32F4xx_HAL_Driver/Src/stm32f4xx_ll_rcc.o
 .comment       0x00000043       0x44 ./Drivers/STM32F4xx_HAL_Driver/Src/stm32f4xx_ll_usart.o

.debug_frame    0x00000000     0x49dc
 .debug_frame   0x00000000       0x7c ./Core/Src/adc.o
 .debug_frame   0x0000007c       0xcc ./Core/Src/dma.o
 .debug_frame   0x00000148       0x34 ./Core/Src/gpio.o
 .debug_frame   0x0000017c      0x2fc ./Core/Src/main.o
 .debug_frame   0x00000478       0x38 ./Core/Src/stm32f4xx_hal_msp.o
 .debug_frame   0x000004b0      0x364 ./Core/Src/stm32f4xx_it.o
 .debug_frame   0x00000814       0x58 ./Core/Src/system_stm32f4xx.o
 .debug_frame   0x0000086c       0x7c ./Core/Src/tim.o
 .debug_frame   0x000008e8      0x320 ./Core/Src/usart.o
 .debug_frame   0x00000c08      0x374 ./Drivers/STM32F4xx_HAL_Driver/Src/stm32f4xx_hal.o
 .debug_frame   0x00000f7c      0x3fc ./Drivers/STM32F4xx_HAL_Driver/Src/stm32f4xx_hal_adc.o
 .debug_frame   0x00001378      0x250 ./Drivers/STM32F4xx_HAL_Driver/Src/stm32f4xx_hal_adc_ex.o
 .debug_frame   0x000015c8      0x508 ./Drivers/STM32F4xx_HAL_Driver/Src/stm32f4xx_hal_cortex.o
 .debug_frame   0x00001ad0      0x250 ./Drivers/STM32F4xx_HAL_Driver/Src/stm32f4xx_hal_dma.o
 .debug_frame   0x00001d20      0x14c ./Drivers/STM32F4xx_HAL_Driver/Src/stm32f4xx_hal_gpio.o
 .debug_frame   0x00001e6c      0x14c ./Drivers/STM32F4xx_HAL_Driver/Src/stm32f4xx_hal_pwr_ex.o
 .debug_frame   0x00001fb8      0x1f4 ./Drivers/STM32F4xx_HAL_Driver/Src/stm32f4xx_hal_rcc.o
 .debug_frame   0x000021ac      0x1e8 ./Drivers/STM32F4xx_HAL_Driver/Src/stm32f4xx_hal_rcc_ex.o
 .debug_frame   0x00002394     0x11c0 ./Drivers/STM32F4xx_HAL_Driver/Src/stm32f4xx_hal_tim.o
 .debug_frame   0x00003554      0x638 ./Drivers/STM32F4xx_HAL_Driver/Src/stm32f4xx_hal_tim_ex.o
 .debug_frame   0x00003b8c      0x1c0 ./Drivers/STM32F4xx_HAL_Driver/Src/stm32f4xx_ll_gpio.o
 .debug_frame   0x00003d4c      0x87c ./Drivers/STM32F4xx_HAL_Driver/Src/stm32f4xx_ll_rcc.o
 .debug_frame   0x000045c8      0x240 ./Drivers/STM32F4xx_HAL_Driver/Src/stm32f4xx_ll_usart.o
 .debug_frame   0x00004808       0x20 C:/ST/STM32CubeIDE_1.16.1/STM32CubeIDE/plugins/com.st.stm32cube.ide.mcu.externaltools.gnu-tools-for-stm32.12.3.rel1.win32_1.0.200.202406191623/tools/bin/../lib/gcc/arm-none-eabi/12.3.1/../../../../arm-none-eabi/lib/thumb/v7e-m+fp/hard\libc_nano.a(libc_a-memset.o)
 .debug_frame   0x00004828       0x2c C:/ST/STM32CubeIDE_1.16.1/STM32CubeIDE/plugins/com.st.stm32cube.ide.mcu.externaltools.gnu-tools-for-stm32.12.3.rel1.win32_1.0.200.202406191623/tools/bin/../lib/gcc/arm-none-eabi/12.3.1/../../../../arm-none-eabi/lib/thumb/v7e-m+fp/hard\libc_nano.a(libc_a-init.o)
 .debug_frame   0x00004854       0x28 C:/ST/STM32CubeIDE_1.16.1/STM32CubeIDE/plugins/com.st.stm32cube.ide.mcu.externaltools.gnu-tools-for-stm32.12.3.rel1.win32_1.0.200.202406191623/tools/bin/../lib/gcc/arm-none-eabi/12.3.1/../../../../arm-none-eabi/lib/thumb/v7e-m+fp/hard\libc_nano.a(libc_a-memcpy-stub.o)
 .debug_frame   0x0000487c       0x30 C:/ST/STM32CubeIDE_1.16.1/STM32CubeIDE/plugins/com.st.stm32cube.ide.mcu.externaltools.gnu-tools-for-stm32.12.3.rel1.win32_1.0.200.202406191623/tools/bin/../lib/gcc/arm-none-eabi/12.3.1/thumb/v7e-m+fp/hard\libgcc.a(_arm_muldf3.o)
 .debug_frame   0x000048ac       0xac C:/ST/STM32CubeIDE_1.16.1/STM32CubeIDE/plugins/com.st.stm32cube.ide.mcu.externaltools.gnu-tools-for-stm32.12.3.rel1.win32_1.0.200.202406191623/tools/bin/../lib/gcc/arm-none-eabi/12.3.1/thumb/v7e-m+fp/hard\libgcc.a(_arm_addsubdf3.o)
 .debug_frame   0x00004958       0x24 C:/ST/STM32CubeIDE_1.16.1/STM32CubeIDE/plugins/com.st.stm32cube.ide.mcu.externaltools.gnu-tools-for-stm32.12.3.rel1.win32_1.0.200.202406191623/tools/bin/../lib/gcc/arm-none-eabi/12.3.1/thumb/v7e-m+fp/hard\libgcc.a(_arm_truncdfsf2.o)
 .debug_frame   0x0000497c       0x2c C:/ST/STM32CubeIDE_1.16.1/STM32CubeIDE/plugins/com.st.stm32cube.ide.mcu.externaltools.gnu-tools-for-stm32.12.3.rel1.win32_1.0.200.202406191623/tools/bin/../lib/gcc/arm-none-eabi/12.3.1/thumb/v7e-m+fp/hard\libgcc.a(_aeabi_uldivmod.o)
 .debug_frame   0x000049a8       0x34 C:/ST/STM32CubeIDE_1.16.1/STM32CubeIDE/plugins/com.st.stm32cube.ide.mcu.externaltools.gnu-tools-for-stm32.12.3.rel1.win32_1.0.200.202406191623/tools/bin/../lib/gcc/arm-none-eabi/12.3.1/thumb/v7e-m+fp/hard\libgcc.a(_udivmoddi4.o)

.debug_line_str
                0x00000000       0x6b
 .debug_line_str
                0x00000000       0x6b ./Core/Startup/startup_stm32f446retx.o
